Archive member included to satisfy reference by file (symbol)

d:/ac6/systemworkbench/plugins/fr.ac6.mcu.externaltools.arm-none.win32_1.17.0.201812190825/tools/compiler/bin/../lib/gcc/arm-none-eabi/7.3.1/thumb/v7e-m/fpv4-sp/hard\libgcc.a(_aeabi_uldivmod.o)
                              Drivers/STM32F4xx_HAL_Driver/Src/stm32f4xx_hal_rcc.o (__aeabi_uldivmod)
d:/ac6/systemworkbench/plugins/fr.ac6.mcu.externaltools.arm-none.win32_1.17.0.201812190825/tools/compiler/bin/../lib/gcc/arm-none-eabi/7.3.1/thumb/v7e-m/fpv4-sp/hard\libgcc.a(_udivmoddi4.o)
                              d:/ac6/systemworkbench/plugins/fr.ac6.mcu.externaltools.arm-none.win32_1.17.0.201812190825/tools/compiler/bin/../lib/gcc/arm-none-eabi/7.3.1/thumb/v7e-m/fpv4-sp/hard\libgcc.a(_aeabi_uldivmod.o) (__udivmoddi4)
d:/ac6/systemworkbench/plugins/fr.ac6.mcu.externaltools.arm-none.win32_1.17.0.201812190825/tools/compiler/bin/../lib/gcc/arm-none-eabi/7.3.1/thumb/v7e-m/fpv4-sp/hard\libgcc.a(_dvmd_tls.o)
                              d:/ac6/systemworkbench/plugins/fr.ac6.mcu.externaltools.arm-none.win32_1.17.0.201812190825/tools/compiler/bin/../lib/gcc/arm-none-eabi/7.3.1/thumb/v7e-m/fpv4-sp/hard\libgcc.a(_aeabi_uldivmod.o) (__aeabi_ldiv0)
d:/ac6/systemworkbench/plugins/fr.ac6.mcu.externaltools.arm-none.win32_1.17.0.201812190825/tools/compiler/bin/../lib/gcc/arm-none-eabi/7.3.1/../../../../arm-none-eabi/lib/thumb/v7e-m/fpv4-sp/hard\libc_nano.a(lib_a-errno.o)
                              Src/syscalls.o (__errno)
d:/ac6/systemworkbench/plugins/fr.ac6.mcu.externaltools.arm-none.win32_1.17.0.201812190825/tools/compiler/bin/../lib/gcc/arm-none-eabi/7.3.1/../../../../arm-none-eabi/lib/thumb/v7e-m/fpv4-sp/hard\libc_nano.a(lib_a-exit.o)
                              d:/ac6/systemworkbench/plugins/fr.ac6.mcu.externaltools.arm-none.win32_1.17.0.201812190825/tools/compiler/bin/../lib/gcc/arm-none-eabi/7.3.1/../../../../arm-none-eabi/lib/thumb/v7e-m/fpv4-sp/hard/crt0.o (exit)
d:/ac6/systemworkbench/plugins/fr.ac6.mcu.externaltools.arm-none.win32_1.17.0.201812190825/tools/compiler/bin/../lib/gcc/arm-none-eabi/7.3.1/../../../../arm-none-eabi/lib/thumb/v7e-m/fpv4-sp/hard\libc_nano.a(lib_a-impure.o)
                              d:/ac6/systemworkbench/plugins/fr.ac6.mcu.externaltools.arm-none.win32_1.17.0.201812190825/tools/compiler/bin/../lib/gcc/arm-none-eabi/7.3.1/../../../../arm-none-eabi/lib/thumb/v7e-m/fpv4-sp/hard\libc_nano.a(lib_a-exit.o) (_global_impure_ptr)
d:/ac6/systemworkbench/plugins/fr.ac6.mcu.externaltools.arm-none.win32_1.17.0.201812190825/tools/compiler/bin/../lib/gcc/arm-none-eabi/7.3.1/../../../../arm-none-eabi/lib/thumb/v7e-m/fpv4-sp/hard\libc_nano.a(lib_a-init.o)
                              d:/ac6/systemworkbench/plugins/fr.ac6.mcu.externaltools.arm-none.win32_1.17.0.201812190825/tools/compiler/bin/../lib/gcc/arm-none-eabi/7.3.1/../../../../arm-none-eabi/lib/thumb/v7e-m/fpv4-sp/hard/crt0.o (__libc_init_array)
d:/ac6/systemworkbench/plugins/fr.ac6.mcu.externaltools.arm-none.win32_1.17.0.201812190825/tools/compiler/bin/../lib/gcc/arm-none-eabi/7.3.1/../../../../arm-none-eabi/lib/thumb/v7e-m/fpv4-sp/hard\libc_nano.a(lib_a-malloc.o)
                              Src/stm32f4_printf.o (malloc)
d:/ac6/systemworkbench/plugins/fr.ac6.mcu.externaltools.arm-none.win32_1.17.0.201812190825/tools/compiler/bin/../lib/gcc/arm-none-eabi/7.3.1/../../../../arm-none-eabi/lib/thumb/v7e-m/fpv4-sp/hard\libc_nano.a(lib_a-memset.o)
                              d:/ac6/systemworkbench/plugins/fr.ac6.mcu.externaltools.arm-none.win32_1.17.0.201812190825/tools/compiler/bin/../lib/gcc/arm-none-eabi/7.3.1/../../../../arm-none-eabi/lib/thumb/v7e-m/fpv4-sp/hard/crt0.o (memset)
d:/ac6/systemworkbench/plugins/fr.ac6.mcu.externaltools.arm-none.win32_1.17.0.201812190825/tools/compiler/bin/../lib/gcc/arm-none-eabi/7.3.1/../../../../arm-none-eabi/lib/thumb/v7e-m/fpv4-sp/hard\libc_nano.a(lib_a-nano-freer.o)
                              d:/ac6/systemworkbench/plugins/fr.ac6.mcu.externaltools.arm-none.win32_1.17.0.201812190825/tools/compiler/bin/../lib/gcc/arm-none-eabi/7.3.1/../../../../arm-none-eabi/lib/thumb/v7e-m/fpv4-sp/hard\libc_nano.a(lib_a-malloc.o) (_free_r)
d:/ac6/systemworkbench/plugins/fr.ac6.mcu.externaltools.arm-none.win32_1.17.0.201812190825/tools/compiler/bin/../lib/gcc/arm-none-eabi/7.3.1/../../../../arm-none-eabi/lib/thumb/v7e-m/fpv4-sp/hard\libc_nano.a(lib_a-nano-mallocr.o)
                              d:/ac6/systemworkbench/plugins/fr.ac6.mcu.externaltools.arm-none.win32_1.17.0.201812190825/tools/compiler/bin/../lib/gcc/arm-none-eabi/7.3.1/../../../../arm-none-eabi/lib/thumb/v7e-m/fpv4-sp/hard\libc_nano.a(lib_a-malloc.o) (_malloc_r)
d:/ac6/systemworkbench/plugins/fr.ac6.mcu.externaltools.arm-none.win32_1.17.0.201812190825/tools/compiler/bin/../lib/gcc/arm-none-eabi/7.3.1/../../../../arm-none-eabi/lib/thumb/v7e-m/fpv4-sp/hard\libc_nano.a(lib_a-sbrkr.o)
[...]
Memory Configuration

Name             Origin             Length             Attributes
RAM              0x20000000         0x00020000         xrw
CCMRAM           0x10000000         0x00010000         xrw
FLASH            0x08000000         0x00100000         xr
*default*        0x00000000         0xffffffff

Linker script and memory map

LOAD d:/ac6/systemworkbench/plugins/fr.ac6.mcu.externaltools.arm-none.win32_1.17.0.201812190825/tools/compiler/bin/../lib/gcc/arm-none-eabi/7.3.1/thumb/v7e-m/fpv4-sp/hard/crti.o
LOAD d:/ac6/systemworkbench/plugins/fr.ac6.mcu.externaltools.arm-none.win32_1.17.0.201812190825/tools/compiler/bin/../lib/gcc/arm-none-eabi/7.3.1/thumb/v7e-m/fpv4-sp/hard/crtbegin.o
LOAD d:/ac6/systemworkbench/plugins/fr.ac6.mcu.externaltools.arm-none.win32_1.17.0.201812190825/tools/compiler/bin/../lib/gcc/arm-none-eabi/7.3.1/../../../../arm-none-eabi/lib/thumb/v7e-m/fpv4-sp/hard/crt0.o
LOAD Drivers/STM32F4xx_HAL_Driver/Src/stm32f4xx_hal.o
LOAD Drivers/STM32F4xx_HAL_Driver/Src/stm32f4xx_hal_can.o
LOAD Drivers/STM32F4xx_HAL_Driver/Src/stm32f4xx_hal_cortex.o
LOAD Drivers/STM32F4xx_HAL_Driver/Src/stm32f4xx_hal_dma.o
LOAD Drivers/STM32F4xx_HAL_Driver/Src/stm32f4xx_hal_dma_ex.o
LOAD Drivers/STM32F4xx_HAL_Driver/Src/stm32f4xx_hal_exti.o
LOAD Drivers/STM32F4xx_HAL_Driver/Src/stm32f4xx_hal_flash.o
LOAD Drivers/STM32F4xx_HAL_Driver/Src/stm32f4xx_hal_flash_ex.o
LOAD Drivers/STM32F4xx_HAL_Driver/Src/stm32f4xx_hal_flash_ramfunc.o
LOAD Drivers/STM32F4xx_HAL_Driver/Src/stm32f4xx_hal_gpio.o
LOAD Drivers/STM32F4xx_HAL_Driver/Src/stm32f4xx_hal_pwr.o
LOAD Drivers/STM32F4xx_HAL_Driver/Src/stm32f4xx_hal_pwr_ex.o
LOAD Drivers/STM32F4xx_HAL_Driver/Src/stm32f4xx_hal_rcc.o
LOAD Drivers/STM32F4xx_HAL_Driver/Src/stm32f4xx_hal_rcc_ex.o
LOAD Drivers/STM32F4xx_HAL_Driver/Src/stm32f4xx_hal_tim.o
LOAD Drivers/STM32F4xx_HAL_Driver/Src/stm32f4xx_hal_tim_ex.o
LOAD Drivers/STM32F4xx_HAL_Driver/Src/stm32f4xx_hal_uart.o
LOAD Src/can.o
LOAD Src/canmd_controller.o
LOAD Src/gpio.o
LOAD Src/main.o
LOAD Src/ps3.o
LOAD Src/stm32f4_easy_can.o
LOAD Src/stm32f4_printf.o
LOAD Src/stm32f4xx_hal_msp.o
LOAD Src/stm32f4xx_it.o
LOAD Src/syscalls.o
LOAD Src/system_stm32f4xx.o
LOAD Src/tim.o
LOAD Src/usart.o
LOAD startup/startup_stm32f407xx.o
LOAD d:/ac6/systemworkbench/plugins/fr.ac6.mcu.externaltools.arm-none.win32_1.17.0.201812190825/tools/compiler/bin/../lib/gcc/arm-none-eabi/7.3.1/../../../../arm-none-eabi/lib/thumb/v7e-m/fpv4-sp/hard\libm.a
START GROUP
LOAD d:/ac6/systemworkbench/plugins/fr.ac6.mcu.externaltools.arm-none.win32_1.17.0.201812190825/tools/compiler/bin/../lib/gcc/arm-none-eabi/7.3.1/thumb/v7e-m/fpv4-sp/hard\libgcc.a
LOAD d:/ac6/systemworkbench/plugins/fr.ac6.mcu.externaltools.arm-none.win32_1.17.0.201812190825/tools/compiler/bin/../lib/gcc/arm-none-eabi/7.3.1/../../../../arm-none-eabi/lib/thumb/v7e-m/fpv4-sp/hard\libc_nano.a
END GROUP
START GROUP
LOAD d:/ac6/systemworkbench/plugins/fr.ac6.mcu.externaltools.arm-none.win32_1.17.0.201812190825/tools/compiler/bin/../lib/gcc/arm-none-eabi/7.3.1/thumb/v7e-m/fpv4-sp/hard\libgcc.a
LOAD d:/ac6/systemworkbench/plugins/fr.ac6.mcu.externaltools.arm-none.win32_1.17.0.201812190825/tools/compiler/bin/../lib/gcc/arm-none-eabi/7.3.1/../../../../arm-none-eabi/lib/thumb/v7e-m/fpv4-sp/hard\libc_nano.a
LOAD d:/ac6/systemworkbench/plugins/fr.ac6.mcu.externaltools.arm-none.win32_1.17.0.201812190825/tools/compiler/bin/../lib/gcc/arm-none-eabi/7.3.1/../../../../arm-none-eabi/lib/thumb/v7e-m/fpv4-sp/hard\libnosys.a
END GROUP
START GROUP
LOAD d:/ac6/systemworkbench/plugins/fr.ac6.mcu.externaltools.arm-none.win32_1.17.0.201812190825/tools/compiler/bin/../lib/gcc/arm-none-eabi/7.3.1/thumb/v7e-m/fpv4-sp/hard\libgcc.a
LOAD d:/ac6/systemworkbench/plugins/fr.ac6.mcu.externaltools.arm-none.win32_1.17.0.201812190825/tools/compiler/bin/../lib/gcc/arm-none-eabi/7.3.1/../../../../arm-none-eabi/lib/thumb/v7e-m/fpv4-sp/hard\libc_nano.a
LOAD d:/ac6/systemworkbench/plugins/fr.ac6.mcu.externaltools.arm-none.win32_1.17.0.201812190825/tools/compiler/bin/../lib/gcc/arm-none-eabi/7.3.1/../../../../arm-none-eabi/lib/thumb/v7e-m/fpv4-sp/hard\libnosys.a
END GROUP
LOAD d:/ac6/systemworkbench/plugins/fr.ac6.mcu.externaltools.arm-none.win32_1.17.0.201812190825/tools/compiler/bin/../lib/gcc/arm-none-eabi/7.3.1/thumb/v7e-m/fpv4-sp/hard/crtend.o
LOAD d:/ac6/systemworkbench/plugins/fr.ac6.mcu.externaltools.arm-none.win32_1.17.0.201812190825/tools/compiler/bin/../lib/gcc/arm-none-eabi/7.3.1/thumb/v7e-m/fpv4-sp/hard/crtn.o
                0x20020000                _estack = 0x20020000
                0x00000200                _Min_Heap_Size = 0x200
                0x00000400                _Min_Stack_Size = 0x400

.isr_vector     0x08000000      0x188
                0x08000000                . = ALIGN (0x4)
 *(.isr_vector)
 .isr_vector    0x08000000      0x188 startup/startup_stm32f407xx.o
                0x08000000                g_pfnVectors
                0x08000188                . = ALIGN (0x4)

.text           0x08000190     0x3738
                0x08000190                . = ALIGN (0x4)
 *(.text)
 .text          0x08000190       0x40 d:/ac6/systemworkbench/plugins/fr.ac6.mcu.externaltools.arm-none.win32_1.17.0.201812190825/tools/compiler/bin/../lib/gcc/arm-none-eabi/7.3.1/thumb/v7e-m/fpv4-sp/hard/crtbegin.o
 .text          0x080001d0       0x30 d:/ac6/systemworkbench/plugins/fr.ac6.mcu.externaltools.arm-none.win32_1.17.0.201812190825/tools/compiler/bin/../lib/gcc/arm-none-eabi/7.3.1/thumb/v7e-m/fpv4-sp/hard\libgcc.a(_aeabi_uldivmod.o)
                0x080001d0                __aeabi_uldivmod
 .text          0x08000200      0x2cc d:/ac6/systemworkbench/plugins/fr.ac6.mcu.externaltools.arm-none.win32_1.17.0.201812190825/tools/compiler/bin/../lib/gcc/arm-none-eabi/7.3.1/thumb/v7e-m/fpv4-sp/hard\libgcc.a(_udivmoddi4.o)
                0x08000200                __udivmoddi4
 .text          0x080004cc        0x4 d:/ac6/systemworkbench/plugins/fr.ac6.mcu.externaltools.arm-none.win32_1.17.0.201812190825/tools/compiler/bin/../lib/gcc/arm-none-eabi/7.3.1/thumb/v7e-m/fpv4-sp/hard\libgcc.a(_dvmd_tls.o)
                0x080004cc                __aeabi_idiv0
                0x080004cc                __aeabi_ldiv0
 .text          0x080004d0       0xa0 d:/ac6/systemworkbench/plugins/fr.ac6.mcu.externaltools.arm-none.win32_1.17.0.201812190825/tools/compiler/bin/../lib/gcc/arm-none-eabi/7.3.1/../../../../arm-none-eabi/lib/thumb/v7e-m/fpv4-sp/hard\libc_nano.a(lib_a-memchr.o)
                0x080004d0                memchr
 *(.text*)
 .text.HAL_InitTick
                0x08000570       0x48 Drivers/STM32F4xx_HAL_Driver/Src/stm32f4xx_hal.o
                0x08000570                HAL_InitTick
 .text.HAL_Init
                0x080005b8       0x34 Drivers/STM32F4xx_HAL_Driver/Src/stm32f4xx_hal.o
                0x080005b8                HAL_Init
 .text.HAL_IncTick
                0x080005ec       0x18 Drivers/STM32F4xx_HAL_Driver/Src/stm32f4xx_hal.o
                0x080005ec                HAL_IncTick
 .text.HAL_GetTick
                0x08000604        0xc Drivers/STM32F4xx_HAL_Driver/Src/stm32f4xx_hal.o
                0x08000604                HAL_GetTick
 .text.HAL_Delay
                0x08000610       0x28 Drivers/STM32F4xx_HAL_Driver/Src/stm32f4xx_hal.o
                0x08000610                HAL_Delay
 .text.HAL_CAN_Init
                0x08000638      0x14c Drivers/STM32F4xx_HAL_Driver/Src/stm32f4xx_hal_can.o
                0x08000638                HAL_CAN_Init
 .text.HAL_CAN_ConfigFilter
                0x08000784      0x12c Drivers/STM32F4xx_HAL_Driver/Src/stm32f4xx_hal_can.o
                0x08000784                HAL_CAN_ConfigFilter
 .text.HAL_CAN_Start
                0x080008b0       0x5c Drivers/STM32F4xx_HAL_Driver/Src/stm32f4xx_hal_can.o
                0x080008b0                HAL_CAN_Start
 .text.HAL_CAN_AddTxMessage
                0x0800090c       0xea Drivers/STM32F4xx_HAL_Driver/Src/stm32f4xx_hal_can.o
                0x0800090c                HAL_CAN_AddTxMessage
 .text.HAL_CAN_IsTxMessagePending
                0x080009f6       0x24 Drivers/STM32F4xx_HAL_Driver/Src/stm32f4xx_hal_can.o
                0x080009f6                HAL_CAN_IsTxMessagePending
 .text.HAL_CAN_GetRxMessage
                0x08000a1a      0x134 Drivers/STM32F4xx_HAL_Driver/Src/stm32f4xx_hal_can.o
                0x08000a1a                HAL_CAN_GetRxMessage
 .text.HAL_CAN_ActivateNotification
                0x08000b4e       0x24 Drivers/STM32F4xx_HAL_Driver/Src/stm32f4xx_hal_can.o
                0x08000b4e                HAL_CAN_ActivateNotification
 .text.HAL_CAN_TxMailbox0CompleteCallback
                0x08000b72        0x2 Drivers/STM32F4xx_HAL_Driver/Src/stm32f4xx_hal_can.o
                0x08000b72                HAL_CAN_TxMailbox0CompleteCallback
 .text.HAL_CAN_TxMailbox1CompleteCallback
                0x08000b74        0x2 Drivers/STM32F4xx_HAL_Driver/Src/stm32f4xx_hal_can.o
                0x08000b74                HAL_CAN_TxMailbox1CompleteCallback
 .text.HAL_CAN_TxMailbox2CompleteCallback
                0x08000b76        0x2 Drivers/STM32F4xx_HAL_Driver/Src/stm32f4xx_hal_can.o
                0x08000b76                HAL_CAN_TxMailbox2CompleteCallback
 .text.HAL_CAN_TxMailbox0AbortCallback
                0x08000b78        0x2 Drivers/STM32F4xx_HAL_Driver/Src/stm32f4xx_hal_can.o
                0x08000b78                HAL_CAN_TxMailbox0AbortCallback
 .text.HAL_CAN_TxMailbox1AbortCallback
                0x08000b7a        0x2 Drivers/STM32F4xx_HAL_Driver/Src/stm32f4xx_hal_can.o
                0x08000b7a                HAL_CAN_TxMailbox1AbortCallback
 .text.HAL_CAN_TxMailbox2AbortCallback
                0x08000b7c        0x2 Drivers/STM32F4xx_HAL_Driver/Src/stm32f4xx_hal_can.o
                0x08000b7c                HAL_CAN_TxMailbox2AbortCallback
 .text.HAL_CAN_RxFifo0FullCallback
                0x08000b7e        0x2 Drivers/STM32F4xx_HAL_Driver/Src/stm32f4xx_hal_can.o
                0x08000b7e                HAL_CAN_RxFifo0FullCallback
 .text.HAL_CAN_RxFifo1MsgPendingCallback
                0x08000b80        0x2 Drivers/STM32F4xx_HAL_Driver/Src/stm32f4xx_hal_can.o
                0x08000b80                HAL_CAN_RxFifo1MsgPendingCallback
 .text.HAL_CAN_RxFifo1FullCallback
                0x08000b82        0x2 Drivers/STM32F4xx_HAL_Driver/Src/stm32f4xx_hal_can.o
                0x08000b82                HAL_CAN_RxFifo1FullCallback
 .text.HAL_CAN_SleepCallback
                0x08000b84        0x2 Drivers/STM32F4xx_HAL_Driver/Src/stm32f4xx_hal_can.o
                0x08000b84                HAL_CAN_SleepCallback
 .text.HAL_CAN_WakeUpFromRxMsgCallback
                0x08000b86        0x2 Drivers/STM32F4xx_HAL_Driver/Src/stm32f4xx_hal_can.o
                0x08000b86                HAL_CAN_WakeUpFromRxMsgCallback
 .text.HAL_CAN_ErrorCallback
                0x08000b88        0x2 Drivers/STM32F4xx_HAL_Driver/Src/stm32f4xx_hal_can.o
                0x08000b88                HAL_CAN_ErrorCallback
 .text.HAL_CAN_IRQHandler
                0x08000b8a      0x258 Drivers/STM32F4xx_HAL_Driver/Src/stm32f4xx_hal_can.o
                0x08000b8a                HAL_CAN_IRQHandler
 *fill*         0x08000de2        0x2 
 .text.HAL_NVIC_SetPriorityGrouping
                0x08000de4       0x24 Drivers/STM32F4xx_HAL_Driver/Src/stm32f4xx_hal_cortex.o
                0x08000de4                HAL_NVIC_SetPriorityGrouping
 .text.HAL_NVIC_SetPriority
                0x08000e08       0x68 Drivers/STM32F4xx_HAL_Driver/Src/stm32f4xx_hal_cortex.o
                0x08000e08                HAL_NVIC_SetPriority
 .text.HAL_NVIC_EnableIRQ
                0x08000e70       0x1c Drivers/STM32F4xx_HAL_Driver/Src/stm32f4xx_hal_cortex.o
                0x08000e70                HAL_NVIC_EnableIRQ
 .text.HAL_SYSTICK_Config
                0x08000e8c       0x2c Drivers/STM32F4xx_HAL_Driver/Src/stm32f4xx_hal_cortex.o
                0x08000e8c                HAL_SYSTICK_Config
 .text.HAL_DMA_Abort_IT
                0x08000eb8       0x26 Drivers/STM32F4xx_HAL_Driver/Src/stm32f4xx_hal_dma.o
                0x08000eb8                HAL_DMA_Abort_IT
 *fill*         0x08000ede        0x2 
 .text.HAL_GPIO_Init
                0x08000ee0      0x1c8 Drivers/STM32F4xx_HAL_Driver/Src/stm32f4xx_hal_gpio.o
                0x08000ee0                HAL_GPIO_Init
 .text.HAL_GPIO_WritePin
                0x080010a8        0xc Drivers/STM32F4xx_HAL_Driver/Src/stm32f4xx_hal_gpio.o
                0x080010a8                HAL_GPIO_WritePin
 .text.HAL_GPIO_TogglePin
                0x080010b4       0x12 Drivers/STM32F4xx_HAL_Driver/Src/stm32f4xx_hal_gpio.o
                0x080010b4                HAL_GPIO_TogglePin
 *fill*         0x080010c6        0x2 
 .text.HAL_RCC_OscConfig
                0x080010c8      0x3ec Drivers/STM32F4xx_HAL_Driver/Src/stm32f4xx_hal_rcc.o
                0x080010c8                HAL_RCC_OscConfig
 .text.HAL_RCC_GetSysClockFreq
                0x080014b4       0xa8 Drivers/STM32F4xx_HAL_Driver/Src/stm32f4xx_hal_rcc.o
                0x080014b4                HAL_RCC_GetSysClockFreq
 .text.HAL_RCC_ClockConfig
                0x0800155c      0x160 Drivers/STM32F4xx_HAL_Driver/Src/stm32f4xx_hal_rcc.o
                0x0800155c                HAL_RCC_ClockConfig
 .text.HAL_RCC_GetHCLKFreq
                0x080016bc        0xc Drivers/STM32F4xx_HAL_Driver/Src/stm32f4xx_hal_rcc.o
                0x080016bc                HAL_RCC_GetHCLKFreq
 .text.HAL_RCC_GetPCLK1Freq
                0x080016c8       0x20 Drivers/STM32F4xx_HAL_Driver/Src/stm32f4xx_hal_rcc.o
                0x080016c8                HAL_RCC_GetPCLK1Freq
 .text.HAL_RCC_GetPCLK2Freq
                0x080016e8       0x20 Drivers/STM32F4xx_HAL_Driver/Src/stm32f4xx_hal_rcc.o
                0x080016e8                HAL_RCC_GetPCLK2Freq
 .text.TIM_TI1_ConfigInputStage
                0x08001708       0x26 Drivers/STM32F4xx_HAL_Driver/Src/stm32f4xx_hal_tim.o
 .text.TIM_TI2_ConfigInputStage
                0x0800172e       0x28 Drivers/STM32F4xx_HAL_Driver/Src/stm32f4xx_hal_tim.o
 .text.TIM_ITRx_SetConfig
                0x08001756       0x10 Drivers/STM32F4xx_HAL_Driver/Src/stm32f4xx_hal_tim.o
 .text.HAL_TIM_Base_Start_IT
                0x08001766       0x22 Drivers/STM32F4xx_HAL_Driver/Src/stm32f4xx_hal_tim.o
                0x08001766                HAL_TIM_Base_Start_IT
 .text.HAL_TIM_OC_DelayElapsedCallback
                0x08001788        0x2 Drivers/STM32F4xx_HAL_Driver/Src/stm32f4xx_hal_tim.o
                0x08001788                HAL_TIM_OC_DelayElapsedCallback
 .text.HAL_TIM_IC_CaptureCallback
                0x0800178a        0x2 Drivers/STM32F4xx_HAL_Driver/Src/stm32f4xx_hal_tim.o
                0x0800178a                HAL_TIM_IC_CaptureCallback
 .text.HAL_TIM_PWM_PulseFinishedCallback
                0x0800178c        0x2 Drivers/STM32F4xx_HAL_Driver/Src/stm32f4xx_hal_tim.o
                0x0800178c                HAL_TIM_PWM_PulseFinishedCallback
 .text.HAL_TIM_TriggerCallback
                0x0800178e        0x2 Drivers/STM32F4xx_HAL_Driver/Src/stm32f4xx_hal_tim.o
                0x0800178e                HAL_TIM_TriggerCallback
 .text.HAL_TIM_IRQHandler
                0x08001790      0x17a Drivers/STM32F4xx_HAL_Driver/Src/stm32f4xx_hal_tim.o
                0x08001790                HAL_TIM_IRQHandler
 *fill*         0x0800190a        0x2 
 .text.TIM_Base_SetConfig
                0x0800190c       0xc8 Drivers/STM32F4xx_HAL_Driver/Src/stm32f4xx_hal_tim.o
                0x0800190c                TIM_Base_SetConfig
 .text.HAL_TIM_Base_Init
                0x080019d4       0x32 Drivers/STM32F4xx_HAL_Driver/Src/stm32f4xx_hal_tim.o
                0x080019d4                HAL_TIM_Base_Init
 .text.TIM_ETR_SetConfig
                0x08001a06       0x18 Drivers/STM32F4xx_HAL_Driver/Src/stm32f4xx_hal_tim.o
                0x08001a06                TIM_ETR_SetConfig
 .text.HAL_TIM_ConfigClockSource
                0x08001a1e       0xda Drivers/STM32F4xx_HAL_Driver/Src/stm32f4xx_hal_tim.o
                0x08001a1e                HAL_TIM_ConfigClockSource
 .text.HAL_TIMEx_MasterConfigSynchronization
                0x08001af8       0x88 Drivers/STM32F4xx_HAL_Driver/Src/stm32f4xx_hal_tim_ex.o
                0x08001af8                HAL_TIMEx_MasterConfigSynchronization
 .text.HAL_TIMEx_CommutCallback
                0x08001b80        0x2 Drivers/STM32F4xx_HAL_Driver/Src/stm32f4xx_hal_tim_ex.o
                0x08001b80                HAL_TIMEx_CommutCallback
 .text.HAL_TIMEx_BreakCallback
                0x08001b82        0x2 Drivers/STM32F4xx_HAL_Driver/Src/stm32f4xx_hal_tim_ex.o
                0x08001b82                HAL_TIMEx_BreakCallback
 .text.UART_EndRxTransfer
                0x08001b84       0x1c Drivers/STM32F4xx_HAL_Driver/Src/stm32f4xx_hal_uart.o
 .text.UART_Transmit_IT
                0x08001ba0       0x68 Drivers/STM32F4xx_HAL_Driver/Src/stm32f4xx_hal_uart.o
 .text.UART_SetConfig
                0x08001c08      0x218 Drivers/STM32F4xx_HAL_Driver/Src/stm32f4xx_hal_uart.o
 .text.UART_WaitOnFlagUntilTimeout
                0x08001e20       0x62 Drivers/STM32F4xx_HAL_Driver/Src/stm32f4xx_hal_uart.o
 .text.HAL_UART_Init
                0x08001e82       0x5e Drivers/STM32F4xx_HAL_Driver/Src/stm32f4xx_hal_uart.o
                0x08001e82                HAL_UART_Init
 .text.HAL_UART_Transmit
                0x08001ee0       0xe2 Drivers/STM32F4xx_HAL_Driver/Src/stm32f4xx_hal_uart.o
                0x08001ee0                HAL_UART_Transmit
 .text.HAL_UART_Receive_IT
                0x08001fc2       0x5c Drivers/STM32F4xx_HAL_Driver/Src/stm32f4xx_hal_uart.o
                0x08001fc2                HAL_UART_Receive_IT
 .text.HAL_UART_TxCpltCallback
                0x0800201e        0x2 Drivers/STM32F4xx_HAL_Driver/Src/stm32f4xx_hal_uart.o
                0x0800201e                HAL_UART_TxCpltCallback
 .text.UART_EndTransmit_IT
                0x08002020       0x1a Drivers/STM32F4xx_HAL_Driver/Src/stm32f4xx_hal_uart.o
 .text.UART_Receive_IT
                0x0800203a       0x9c Drivers/STM32F4xx_HAL_Driver/Src/stm32f4xx_hal_uart.o
 .text.HAL_UART_ErrorCallback
                0x080020d6        0x2 Drivers/STM32F4xx_HAL_Driver/Src/stm32f4xx_hal_uart.o
                0x080020d6                HAL_UART_ErrorCallback
 .text.HAL_UART_IRQHandler
                0x080020d8      0x128 Drivers/STM32F4xx_HAL_Driver/Src/stm32f4xx_hal_uart.o
                0x080020d8                HAL_UART_IRQHandler
 .text.UART_DMAAbortOnError
                0x08002200       0x10 Drivers/STM32F4xx_HAL_Driver/Src/stm32f4xx_hal_uart.o
 .text.MX_CAN1_Init
                0x08002210       0x40 Src/can.o
                0x08002210                MX_CAN1_Init
 .text.HAL_CAN_MspInit
                0x08002250       0x80 Src/can.o
                0x08002250                HAL_CAN_MspInit
 .text.canmd_controller_init
                0x080022d0       0x28 Src/canmd_controller.o
                0x080022d0                canmd_controller_init
 .text.is_appropriate_md_id
                0x080022f8        0xe Src/canmd_controller.o
                0x080022f8                is_appropriate_md_id
 *fill*         0x08002306        0x2 
 .text.canmd_controller_set_motor_control_data
                0x08002308       0x3c Src/canmd_controller.o
                0x08002308                canmd_controller_set_motor_control_data
 .text.canmd_controller_get_encoder_count
                0x08002344       0x2c Src/canmd_controller.o
                0x08002344                canmd_controller_get_encoder_count
 .text.canmd_controller_set_can_receive_data
                0x08002370       0xb4 Src/canmd_controller.o
                0x08002370                canmd_controller_set_can_receive_data
 .text.canmd_controller_get_can_transmit_data
                0x08002424       0x48 Src/canmd_controller.o
                0x08002424                canmd_controller_get_can_transmit_data
 .text.MX_GPIO_Init
                0x0800246c       0xc8 Src/gpio.o
                0x0800246c                MX_GPIO_Init
 .text.SystemClock_Config
                0x08002534       0x90 Src/main.o
                0x08002534                SystemClock_Config
 .text.HAL_UART_RxCpltCallback
                0x080025c4       0x2c Src/main.o
                0x080025c4                HAL_UART_RxCpltCallback
 .text.canmd_status_set_data
                0x080025f0       0x34 Src/main.o
                0x080025f0                canmd_status_set_data
 .text.main     0x08002624      0x140 Src/main.o
                0x08002624                main
 .text.stm32f4_easy_can_interrupt_handler
                0x08002764       0x1e Src/main.o
                0x08002764                stm32f4_easy_can_interrupt_handler
 *fill*         0x08002782        0x2 
 .text.HAL_TIM_PeriodElapsedCallback
                0x08002784       0x9c Src/main.o
                0x08002784                HAL_TIM_PeriodElapsedCallback
 .text.Error_Handler
                0x08002820        0x2 Src/main.o
                0x08002820                Error_Handler
 *fill*         0x08002822        0x2 
 .text.ps3_clear
                0x08002824       0x30 Src/ps3.o
                0x08002824                ps3_clear
 .text.ps3_init
                0x08002854       0x14 Src/ps3.o
                0x08002854                ps3_init
 .text.ps3_uart_interrupt_routine
                0x08002868      0x148 Src/ps3.o
                0x08002868                ps3_uart_interrupt_routine
 .text.ps3_get_data
                0x080029b0       0x1c Src/ps3.o
                0x080029b0                ps3_get_data
 .text.stm32f4_easy_can_init
                0x080029cc       0x5c Src/stm32f4_easy_can.o
                0x080029cc                stm32f4_easy_can_init
 .text.stm32f4_easy_can_get_receive_message
                0x08002a28       0x28 Src/stm32f4_easy_can.o
                0x08002a28                stm32f4_easy_can_get_receive_message
 .text.stm32f4_easy_can_transmit_message
                0x08002a50       0x58 Src/stm32f4_easy_can.o
                0x08002a50                stm32f4_easy_can_transmit_message
 .text.HAL_CAN_RxFifo0MsgPendingCallback
                0x08002aa8       0x4c Src/stm32f4_easy_can.o
                0x08002aa8                HAL_CAN_RxFifo0MsgPendingCallback
 .text.stm32f4_printf_init
                0x08002af4        0xc Src/stm32f4_printf.o
                0x08002af4                stm32f4_printf_init
 .text.stm32f4_puts
                0x08002b00       0x28 Src/stm32f4_printf.o
                0x08002b00                stm32f4_puts
 .text.stm32f4_printf
                0x08002b28       0x3e Src/stm32f4_printf.o
                0x08002b28                stm32f4_printf
 *fill*         0x08002b66        0x2 
 .text.HAL_MspInit
                0x08002b68       0x38 Src/stm32f4xx_hal_msp.o
                0x08002b68                HAL_MspInit
 .text.NMI_Handler
                0x08002ba0        0x2 Src/stm32f4xx_it.o
                0x08002ba0                NMI_Handler
 .text.HardFault_Handler
                0x08002ba2        0x2 Src/stm32f4xx_it.o
                0x08002ba2                HardFault_Handler
 .text.MemManage_Handler
                0x08002ba4        0x2 Src/stm32f4xx_it.o
                0x08002ba4                MemManage_Handler
 .text.BusFault_Handler
                0x08002ba6        0x2 Src/stm32f4xx_it.o
                0x08002ba6                BusFault_Handler
 .text.UsageFault_Handler
                0x08002ba8        0x2 Src/stm32f4xx_it.o
                0x08002ba8                UsageFault_Handler
 .text.SVC_Handler
                0x08002baa        0x2 Src/stm32f4xx_it.o
                0x08002baa                SVC_Handler
 .text.DebugMon_Handler
                0x08002bac        0x2 Src/stm32f4xx_it.o
                0x08002bac                DebugMon_Handler
 .text.PendSV_Handler
                0x08002bae        0x2 Src/stm32f4xx_it.o
                0x08002bae                PendSV_Handler
 .text.SysTick_Handler
                0x08002bb0        0x8 Src/stm32f4xx_it.o
                0x08002bb0                SysTick_Handler
 .text.CAN1_RX0_IRQHandler
                0x08002bb8       0x10 Src/stm32f4xx_it.o
                0x08002bb8                CAN1_RX0_IRQHandler
 .text.USART3_IRQHandler
                0x08002bc8       0x10 Src/stm32f4xx_it.o
                0x08002bc8                USART3_IRQHandler
 .text.TIM6_DAC_IRQHandler
                0x08002bd8       0x10 Src/stm32f4xx_it.o
                0x08002bd8                TIM6_DAC_IRQHandler
 .text.TIM7_IRQHandler
                0x08002be8       0x10 Src/stm32f4xx_it.o
                0x08002be8                TIM7_IRQHandler
 .text.USART6_IRQHandler
                0x08002bf8       0x10 Src/stm32f4xx_it.o
                0x08002bf8                USART6_IRQHandler
 .text._sbrk    0x08002c08       0x3c Src/syscalls.o
                0x08002c08                _sbrk
 .text.SystemInit
                0x08002c44       0x1c Src/system_stm32f4xx.o
                0x08002c44                SystemInit
 .text.MX_TIM1_Init
                0x08002c60       0x74 Src/tim.o
                0x08002c60                MX_TIM1_Init
 .text.MX_TIM6_Init
                0x08002cd4       0x50 Src/tim.o
                0x08002cd4                MX_TIM6_Init
 .text.MX_TIM7_Init
                0x08002d24       0x50 Src/tim.o
                0x08002d24                MX_TIM7_Init
 .text.HAL_TIM_Base_MspInit
                0x08002d74       0x98 Src/tim.o
                0x08002d74                HAL_TIM_Base_MspInit
 .text.MX_USART3_UART_Init
                0x08002e0c       0x34 Src/usart.o
                0x08002e0c                MX_USART3_UART_Init
 .text.MX_USART6_UART_Init
                0x08002e40       0x34 Src/usart.o
                0x08002e40                MX_USART6_UART_Init
 .text.HAL_UART_MspInit
                0x08002e74       0xe4 Src/usart.o
                0x08002e74                HAL_UART_MspInit
 .text.Reset_Handler
                0x08002f58       0x50 startup/startup_stm32f407xx.o
                0x08002f58                Reset_Handler
 .text.Default_Handler
                0x08002fa8        0x2 startup/startup_stm32f407xx.o
                0x08002fa8                RTC_Alarm_IRQHandler
                0x08002fa8                HASH_RNG_IRQHandler
                0x08002fa8                EXTI2_IRQHandler
                0x08002fa8                TIM8_CC_IRQHandler
                0x08002fa8                TIM1_CC_IRQHandler
                0x08002fa8                DMA2_Stream5_IRQHandler
                0x08002fa8                DMA1_Stream5_IRQHandler
                0x08002fa8                PVD_IRQHandler
                0x08002fa8                SDIO_IRQHandler
                0x08002fa8                TAMP_STAMP_IRQHandler
                0x08002fa8                CAN2_RX1_IRQHandler
                0x08002fa8                EXTI3_IRQHandler
                0x08002fa8                TIM8_TRG_COM_TIM14_IRQHandler
                0x08002fa8                TIM1_UP_TIM10_IRQHandler
                0x08002fa8                TIM8_UP_TIM13_IRQHandler
                0x08002fa8                I2C3_ER_IRQHandler
                0x08002fa8                EXTI0_IRQHandler
                0x08002fa8                I2C2_EV_IRQHandler
                0x08002fa8                DMA1_Stream2_IRQHandler
                0x08002fa8                FPU_IRQHandler
                0x08002fa8                OTG_HS_WKUP_IRQHandler
                0x08002fa8                CAN2_SCE_IRQHandler
                0x08002fa8                DMA2_Stream2_IRQHandler
                0x08002fa8                SPI1_IRQHandler
                0x08002fa8                TIM1_BRK_TIM9_IRQHandler
                0x08002fa8                DCMI_IRQHandler
                0x08002fa8                CAN2_RX0_IRQHandler
                0x08002fa8                DMA2_Stream3_IRQHandler
                0x08002fa8                CAN1_RX1_IRQHandler
                0x08002fa8                UART5_IRQHandler
                0x08002fa8                DMA2_Stream0_IRQHandler
                0x08002fa8                TIM4_IRQHandler
                0x08002fa8                I2C1_EV_IRQHandler
                0x08002fa8                DMA1_Stream6_IRQHandler
                0x08002fa8                DMA1_Stream1_IRQHandler
                0x08002fa8                UART4_IRQHandler
                0x08002fa8                TIM3_IRQHandler
                0x08002fa8                RCC_IRQHandler
                0x08002fa8                TIM8_BRK_TIM12_IRQHandler
                0x08002fa8                Default_Handler
                0x08002fa8                EXTI15_10_IRQHandler
                0x08002fa8                ADC_IRQHandler
                0x08002fa8                DMA1_Stream7_IRQHandler
                0x08002fa8                CAN2_TX_IRQHandler
                0x08002fa8                TIM5_IRQHandler
                0x08002fa8                DMA2_Stream7_IRQHandler
                0x08002fa8                I2C3_EV_IRQHandler
                0x08002fa8                EXTI9_5_IRQHandler
                0x08002fa8                RTC_WKUP_IRQHandler
                0x08002fa8                ETH_WKUP_IRQHandler
                0x08002fa8                SPI2_IRQHandler
                0x08002fa8                OTG_HS_EP1_IN_IRQHandler
                0x08002fa8                DMA1_Stream0_IRQHandler
                0x08002fa8                CAN1_TX_IRQHandler
                0x08002fa8                EXTI4_IRQHandler
                0x08002fa8                FSMC_IRQHandler
                0x08002fa8                ETH_IRQHandler
                0x08002fa8                OTG_HS_EP1_OUT_IRQHandler
                0x08002fa8                WWDG_IRQHandler
                0x08002fa8                TIM2_IRQHandler
                0x08002fa8                OTG_FS_WKUP_IRQHandler
                0x08002fa8                TIM1_TRG_COM_TIM11_IRQHandler
                0x08002fa8                OTG_HS_IRQHandler
                0x08002fa8                EXTI1_IRQHandler
                0x08002fa8                USART2_IRQHandler
                0x08002fa8                I2C2_ER_IRQHandler
                0x08002fa8                DMA2_Stream1_IRQHandler
                0x08002fa8                CAN1_SCE_IRQHandler
                0x08002fa8                FLASH_IRQHandler
                0x08002fa8                DMA2_Stream4_IRQHandler
                0x08002fa8                USART1_IRQHandler
                0x08002fa8                OTG_FS_IRQHandler
                0x08002fa8                SPI3_IRQHandler
                0x08002fa8                DMA1_Stream4_IRQHandler
                0x08002fa8                I2C1_ER_IRQHandler
                0x08002fa8                DMA2_Stream6_IRQHandler
                0x08002fa8                DMA1_Stream3_IRQHandler
 *fill*         0x08002faa        0x2 
 .text.__errno  0x08002fac        0xc d:/ac6/systemworkbench/plugins/fr.ac6.mcu.externaltools.arm-none.win32_1.17.0.201812190825/tools/compiler/bin/../lib/gcc/arm-none-eabi/7.3.1/../../../../arm-none-eabi/lib/thumb/v7e-m/fpv4-sp/hard\libc_nano.a(lib_a-errno.o)
                0x08002fac                __errno
 .text.__libc_init_array
                0x08002fb8       0x48 d:/ac6/systemworkbench/plugins/fr.ac6.mcu.externaltools.arm-none.win32_1.17.0.201812190825/tools/compiler/bin/../lib/gcc/arm-none-eabi/7.3.1/../../../../arm-none-eabi/lib/thumb/v7e-m/fpv4-sp/hard\libc_nano.a(lib_a-init.o)
                0x08002fb8                __libc_init_array
 .text.malloc   0x08003000       0x10 d:/ac6/systemworkbench/plugins/fr.ac6.mcu.externaltools.arm-none.win32_1.17.0.201812190825/tools/compiler/bin/../lib/gcc/arm-none-eabi/7.3.1/../../../../arm-none-eabi/lib/thumb/v7e-m/fpv4-sp/hard\libc_nano.a(lib_a-malloc.o)
                0x08003000                malloc
 .text.free     0x08003010       0x10 d:/ac6/systemworkbench/plugins/fr.ac6.mcu.externaltools.arm-none.win32_1.17.0.201812190825/tools/compiler/bin/../lib/gcc/arm-none-eabi/7.3.1/../../../../arm-none-eabi/lib/thumb/v7e-m/fpv4-sp/hard\libc_nano.a(lib_a-malloc.o)
                0x08003010                free
 .text.memset   0x08003020       0x10 d:/ac6/systemworkbench/plugins/fr.ac6.mcu.externaltools.arm-none.win32_1.17.0.201812190825/tools/compiler/bin/../lib/gcc/arm-none-eabi/7.3.1/../../../../arm-none-eabi/lib/thumb/v7e-m/fpv4-sp/hard\libc_nano.a(lib_a-memset.o)
                0x08003020                memset
 .text._free_r  0x08003030       0x9c d:/ac6/systemworkbench/plugins/fr.ac6.mcu.externaltools.arm-none.win32_1.17.0.201812190825/tools/compiler/bin/../lib/gcc/arm-none-eabi/7.3.1/../../../../arm-none-eabi/lib/thumb/v7e-m/fpv4-sp/hard\libc_nano.a(lib_a-nano-freer.o)
                0x08003030                _free_r
 .text._malloc_r
                0x080030cc       0xb4 d:/ac6/systemworkbench/plugins/fr.ac6.mcu.externaltools.arm-none.win32_1.17.0.201812190825/tools/compiler/bin/../lib/gcc/arm-none-eabi/7.3.1/../../../../arm-none-eabi/lib/thumb/v7e-m/fpv4-sp/hard\libc_nano.a(lib_a-nano-mallocr.o)
                0x080030cc                _malloc_r
 .text._sbrk_r  0x08003180       0x20 d:/ac6/systemworkbench/plugins/fr.ac6.mcu.externaltools.arm-none.win32_1.17.0.201812190825/tools/compiler/bin/../lib/gcc/arm-none-eabi/7.3.1/../../../../arm-none-eabi/lib/thumb/v7e-m/fpv4-sp/hard\libc_nano.a(lib_a-sbrkr.o)
                0x08003180                _sbrk_r
 .text._vsnprintf_r
                0x080031a0       0x58 d:/ac6/systemworkbench/plugins/fr.ac6.mcu.externaltools.arm-none.win32_1.17.0.201812190825/tools/compiler/bin/../lib/gcc/arm-none-eabi/7.3.1/../../../../arm-none-eabi/lib/thumb/v7e-m/fpv4-sp/hard\libc_nano.a(lib_a-vsnprintf.o)
                0x080031a0                _vsniprintf_r
                0x080031a0                _vsnprintf_r
 .text.vsnprintf
                0x080031f8       0x1c d:/ac6/systemworkbench/plugins/fr.ac6.mcu.externaltools.arm-none.win32_1.17.0.201812190825/tools/compiler/bin/../lib/gcc/arm-none-eabi/7.3.1/../../../../arm-none-eabi/lib/thumb/v7e-m/fpv4-sp/hard\libc_nano.a(lib_a-vsnprintf.o)
                0x080031f8                vsniprintf
                0x080031f8                vsnprintf
 .text._vsprintf_r
                0x08003214       0x2c d:/ac6/systemworkbench/plugins/fr.ac6.mcu.externaltools.arm-none.win32_1.17.0.201812190825/tools/compiler/bin/../lib/gcc/arm-none-eabi/7.3.1/../../../../arm-none-eabi/lib/thumb/v7e-m/fpv4-sp/hard\libc_nano.a(lib_a-vsprintf.o)
                0x08003214                _vsprintf_r
                0x08003214                _vsiprintf_r
 .text.vsprintf
                0x08003240       0x14 d:/ac6/systemworkbench/plugins/fr.ac6.mcu.externaltools.arm-none.win32_1.17.0.201812190825/tools/compiler/bin/../lib/gcc/arm-none-eabi/7.3.1/../../../../arm-none-eabi/lib/thumb/v7e-m/fpv4-sp/hard\libc_nano.a(lib_a-vsprintf.o)
                0x08003240                vsiprintf
                0x08003240                vsprintf
 .text.__malloc_lock
                0x08003254        0x2 d:/ac6/systemworkbench/plugins/fr.ac6.mcu.externaltools.arm-none.win32_1.17.0.201812190825/tools/compiler/bin/../lib/gcc/arm-none-eabi/7.3.1/../../../../arm-none-eabi/lib/thumb/v7e-m/fpv4-sp/hard\libc_nano.a(lib_a-mlock.o)
                0x08003254                __malloc_lock
 .text.__malloc_unlock
                0x08003256        0x2 d:/ac6/systemworkbench/plugins/fr.ac6.mcu.externaltools.arm-none.win32_1.17.0.201812190825/tools/compiler/bin/../lib/gcc/arm-none-eabi/7.3.1/../../../../arm-none-eabi/lib/thumb/v7e-m/fpv4-sp/hard\libc_nano.a(lib_a-mlock.o)
                0x08003256                __malloc_unlock
 .text.__ssputs_r
                0x08003258       0xb4 d:/ac6/systemworkbench/plugins/fr.ac6.mcu.externaltools.arm-none.win32_1.17.0.201812190825/tools/compiler/bin/../lib/gcc/arm-none-eabi/7.3.1/../../../../arm-none-eabi/lib/thumb/v7e-m/fpv4-sp/hard\libc_nano.a(lib_a-nano-svfprintf.o)
                0x08003258                __ssputs_r
 .text._svfprintf_r
                0x0800330c      0x1f0 d:/ac6/systemworkbench/plugins/fr.ac6.mcu.externaltools.arm-none.win32_1.17.0.201812190825/tools/compiler/bin/../lib/gcc/arm-none-eabi/7.3.1/../../../../arm-none-eabi/lib/thumb/v7e-m/fpv4-sp/hard\libc_nano.a(lib_a-nano-svfprintf.o)
                0x0800330c                _svfiprintf_r
                0x0800330c                _svfprintf_r
 .text._printf_common
                0x080034fc       0xea d:/ac6/systemworkbench/plugins/fr.ac6.mcu.externaltools.arm-none.win32_1.17.0.201812190825/tools/compiler/bin/../lib/gcc/arm-none-eabi/7.3.1/../../../../arm-none-eabi/lib/thumb/v7e-m/fpv4-sp/hard\libc_nano.a(lib_a-nano-vfprintf_i.o)
                0x080034fc                _printf_common
 *fill*         0x080035e6        0x2 
 .text._printf_i
                0x080035e8      0x224 d:/ac6/systemworkbench/plugins/fr.ac6.mcu.externaltools.arm-none.win32_1.17.0.201812190825/tools/compiler/bin/../lib/gcc/arm-none-eabi/7.3.1/../../../../arm-none-eabi/lib/thumb/v7e-m/fpv4-sp/hard\libc_nano.a(lib_a-nano-vfprintf_i.o)
                0x080035e8                _printf_i
 .text.memcpy   0x0800380c       0x16 d:/ac6/systemworkbench/plugins/fr.ac6.mcu.externaltools.arm-none.win32_1.17.0.201812190825/tools/compiler/bin/../lib/gcc/arm-none-eabi/7.3.1/../../../../arm-none-eabi/lib/thumb/v7e-m/fpv4-sp/hard\libc_nano.a(lib_a-memcpy-stub.o)
                0x0800380c                memcpy
 .text.memmove  0x08003822       0x32 d:/ac6/systemworkbench/plugins/fr.ac6.mcu.externaltools.arm-none.win32_1.17.0.201812190825/tools/compiler/bin/../lib/gcc/arm-none-eabi/7.3.1/../../../../arm-none-eabi/lib/thumb/v7e-m/fpv4-sp/hard\libc_nano.a(lib_a-memmove.o)
                0x08003822                memmove
 .text._realloc_r
                0x08003854       0x4c d:/ac6/systemworkbench/plugins/fr.ac6.mcu.externaltools.arm-none.win32_1.17.0.201812190825/tools/compiler/bin/../lib/gcc/arm-none-eabi/7.3.1/../../../../arm-none-eabi/lib/thumb/v7e-m/fpv4-sp/hard\libc_nano.a(lib_a-nano-reallocr.o)
                0x08003854                _realloc_r
 .text._malloc_usable_size_r
                0x080038a0       0x10 d:/ac6/systemworkbench/plugins/fr.ac6.mcu.externaltools.arm-none.win32_1.17.0.201812190825/tools/compiler/bin/../lib/gcc/arm-none-eabi/7.3.1/../../../../arm-none-eabi/lib/thumb/v7e-m/fpv4-sp/hard\libc_nano.a(lib_a-nano-msizer.o)
                0x080038a0                _malloc_usable_size_r
 *(.glue_7)
 .glue_7        0x080038b0        0x0 linker stubs
 *(.glue_7t)
 .glue_7t       0x080038b0        0x0 linker stubs
 *(.eh_frame)
 .eh_frame      0x080038b0        0x0 d:/ac6/systemworkbench/plugins/fr.ac6.mcu.externaltools.arm-none.win32_1.17.0.201812190825/tools/compiler/bin/../lib/gcc/arm-none-eabi/7.3.1/thumb/v7e-m/fpv4-sp/hard/crtbegin.o
 *(.init)
 .init          0x080038b0        0x4 d:/ac6/systemworkbench/plugins/fr.ac6.mcu.externaltools.arm-none.win32_1.17.0.201812190825/tools/compiler/bin/../lib/gcc/arm-none-eabi/7.3.1/thumb/v7e-m/fpv4-sp/hard/crti.o
                0x080038b0                _init
 .init          0x080038b4        0x8 d:/ac6/systemworkbench/plugins/fr.ac6.mcu.externaltools.arm-none.win32_1.17.0.201812190825/tools/compiler/bin/../lib/gcc/arm-none-eabi/7.3.1/thumb/v7e-m/fpv4-sp/hard/crtn.o
 *(.fini)
 .fini          0x080038bc        0x4 d:/ac6/systemworkbench/plugins/fr.ac6.mcu.externaltools.arm-none.win32_1.17.0.201812190825/tools/compiler/bin/../lib/gcc/arm-none-eabi/7.3.1/thumb/v7e-m/fpv4-sp/hard/crti.o
                0x080038bc                _fini
 .fini          0x080038c0        0x8 d:/ac6/systemworkbench/plugins/fr.ac6.mcu.externaltools.arm-none.win32_1.17.0.201812190825/tools/compiler/bin/../lib/gcc/arm-none-eabi/7.3.1/thumb/v7e-m/fpv4-sp/hard/crtn.o
                0x080038c8                . = ALIGN (0x4)
                0x080038c8                _etext = .

.vfp11_veneer   0x080038c8        0x0
 .vfp11_veneer  0x080038c8        0x0 linker stubs

.v4_bx          0x080038c8        0x0
 .v4_bx         0x080038c8        0x0 linker stubs

.iplt           0x080038c8        0x0
 .iplt          0x080038c8        0x0 d:/ac6/systemworkbench/plugins/fr.ac6.mcu.externaltools.arm-none.win32_1.17.0.201812190825/tools/compiler/bin/../lib/gcc/arm-none-eabi/7.3.1/thumb/v7e-m/fpv4-sp/hard/crtbegin.o

.rodata         0x080038c8       0x60
                0x080038c8                . = ALIGN (0x4)
 *(.rodata)
 .rodata        0x080038c8       0x18 Src/system_stm32f4xx.o
                0x080038c8                AHBPrescTable
                0x080038d8                APBPrescTable
 *(.rodata*)
 .rodata.str1.4
                0x080038e0       0x14 Src/main.o
                                 0x12 (size before relaxing)
 .rodata._svfprintf_r.str1.1
                0x080038f4       0x11 d:/ac6/systemworkbench/plugins/fr.ac6.mcu.externaltools.arm-none.win32_1.17.0.201812190825/tools/compiler/bin/../lib/gcc/arm-none-eabi/7.3.1/../../../../arm-none-eabi/lib/thumb/v7e-m/fpv4-sp/hard\libc_nano.a(lib_a-nano-svfprintf.o)
 .rodata._printf_i.str1.1
                0x08003905       0x22 d:/ac6/systemworkbench/plugins/fr.ac6.mcu.externaltools.arm-none.win32_1.17.0.201812190825/tools/compiler/bin/../lib/gcc/arm-none-eabi/7.3.1/../../../../arm-none-eabi/lib/thumb/v7e-m/fpv4-sp/hard\libc_nano.a(lib_a-nano-vfprintf_i.o)
                0x08003928                . = ALIGN (0x4)
 *fill*         0x08003927        0x1 

.ARM.extab
 *(.ARM.extab* .gnu.linkonce.armextab.*)

.ARM            0x08003928        0x8
                0x08003928                __exidx_start = .
 *(.ARM.exidx*)
 .ARM.exidx     0x08003928        0x8 d:/ac6/systemworkbench/plugins/fr.ac6.mcu.externaltools.arm-none.win32_1.17.0.201812190825/tools/compiler/bin/../lib/gcc/arm-none-eabi/7.3.1/thumb/v7e-m/fpv4-sp/hard\libgcc.a(_udivmoddi4.o)
                0x08003930                __exidx_end = .

.rel.dyn        0x08003930        0x0
 .rel.iplt      0x08003930        0x0 d:/ac6/systemworkbench/plugins/fr.ac6.mcu.externaltools.arm-none.win32_1.17.0.201812190825/tools/compiler/bin/../lib/gcc/arm-none-eabi/7.3.1/thumb/v7e-m/fpv4-sp/hard/crtbegin.o

.preinit_array  0x08003930        0x0
                0x08003930                PROVIDE (__preinit_array_start = .)
 *(.preinit_array*)
                0x08003930                PROVIDE (__preinit_array_end = .)

.init_array     0x08003930        0x4
                0x08003930                PROVIDE (__init_array_start = .)
 *(SORT_BY_NAME(.init_array.*))
 *(.init_array*)
 .init_array    0x08003930        0x4 d:/ac6/systemworkbench/plugins/fr.ac6.mcu.externaltools.arm-none.win32_1.17.0.201812190825/tools/compiler/bin/../lib/gcc/arm-none-eabi/7.3.1/thumb/v7e-m/fpv4-sp/hard/crtbegin.o
                0x08003934                PROVIDE (__init_array_end = .)

.fini_array     0x08003934        0x4
                [!provide]                PROVIDE (__fini_array_start = .)
 *(SORT_BY_NAME(.fini_array.*))
 *(.fini_array*)
 .fini_array    0x08003934        0x4 d:/ac6/systemworkbench/plugins/fr.ac6.mcu.externaltools.arm-none.win32_1.17.0.201812190825/tools/compiler/bin/../lib/gcc/arm-none-eabi/7.3.1/thumb/v7e-m/fpv4-sp/hard/crtbegin.o
                [!provide]                PROVIDE (__fini_array_end = .)
                0x08003938                _sidata = LOADADDR (.data)

.data           0x20000000       0x74 load address 0x08003938
                0x20000000                . = ALIGN (0x4)
                0x20000000                _sdata = .
 *(.data)
 .data          0x20000000        0x8 Drivers/STM32F4xx_HAL_Driver/Src/stm32f4xx_hal.o
                0x20000000                uwTickFreq
                0x20000004                uwTickPrio
 .data          0x20000008        0x4 Src/stm32f4_easy_can.o
 .data          0x2000000c        0x4 Src/system_stm32f4xx.o
                0x2000000c                SystemCoreClock
 *(.data*)
 .data._impure_ptr
                0x20000010        0x4 d:/ac6/systemworkbench/plugins/fr.ac6.mcu.externaltools.arm-none.win32_1.17.0.201812190825/tools/compiler/bin/../lib/gcc/arm-none-eabi/7.3.1/../../../../arm-none-eabi/lib/thumb/v7e-m/fpv4-sp/hard\libc_nano.a(lib_a-impure.o)
                0x20000010                _impure_ptr
 .data.impure_data
                0x20000014       0x60 d:/ac6/systemworkbench/plugins/fr.ac6.mcu.externaltools.arm-none.win32_1.17.0.201812190825/tools/compiler/bin/../lib/gcc/arm-none-eabi/7.3.1/../../../../arm-none-eabi/lib/thumb/v7e-m/fpv4-sp/hard\libc_nano.a(lib_a-impure.o)
                0x20000074                . = ALIGN (0x4)
                0x20000074                _edata = .
                0x080039ac                _siccmram = LOADADDR (.ccmram)

.igot.plt       0x20000074        0x0 load address 0x080039ac
 .igot.plt      0x20000074        0x0 d:/ac6/systemworkbench/plugins/fr.ac6.mcu.externaltools.arm-none.win32_1.17.0.201812190825/tools/compiler/bin/../lib/gcc/arm-none-eabi/7.3.1/thumb/v7e-m/fpv4-sp/hard/crtbegin.o

.ccmram         0x10000000        0x0 load address 0x080039ac
                0x10000000                . = ALIGN (0x4)
                0x10000000                _sccmram = .
 *(.ccmram)
 *(.ccmram*)
                0x10000000                . = ALIGN (0x4)
                0x10000000                _eccmram = .
                0x10000000                . = ALIGN (0x4)

.bss            0x20000074      0x22c
                0x20000074                _sbss = .
                0x20000074                __bss_start__ = _sbss
 *(.bss)
 .bss           0x20000074       0x1c d:/ac6/systemworkbench/plugins/fr.ac6.mcu.externaltools.arm-none.win32_1.17.0.201812190825/tools/compiler/bin/../lib/gcc/arm-none-eabi/7.3.1/thumb/v7e-m/fpv4-sp/hard/crtbegin.o
 .bss           0x20000090       0x34 Src/canmd_controller.o
 .bss           0x200000c4       0x18 Src/main.o
                0x200000cc                mode
                0x200000d0                stop
                0x200000d4                x
                0x200000d8                i
 .bss           0x200000dc       0x2c Src/ps3.o
 .bss           0x20000108       0x14 Src/stm32f4_easy_can.o
 .bss           0x2000011c        0x4 Src/stm32f4_printf.o
 .bss           0x20000120        0x8 Src/syscalls.o
                0x20000124                __env
 *(.bss*)
 .bss.__malloc_free_list
                0x20000128        0x4 d:/ac6/systemworkbench/plugins/fr.ac6.mcu.externaltools.arm-none.win32_1.17.0.201812190825/tools/compiler/bin/../lib/gcc/arm-none-eabi/7.3.1/../../../../arm-none-eabi/lib/thumb/v7e-m/fpv4-sp/hard\libc_nano.a(lib_a-nano-mallocr.o)
                0x20000128                __malloc_free_list
 .bss.__malloc_sbrk_start
                0x2000012c        0x4 d:/ac6/systemworkbench/plugins/fr.ac6.mcu.externaltools.arm-none.win32_1.17.0.201812190825/tools/compiler/bin/../lib/gcc/arm-none-eabi/7.3.1/../../../../arm-none-eabi/lib/thumb/v7e-m/fpv4-sp/hard\libc_nano.a(lib_a-nano-mallocr.o)
                0x2000012c                __malloc_sbrk_start
 *(COMMON)
 COMMON         0x20000130        0x4 Drivers/STM32F4xx_HAL_Driver/Src/stm32f4xx_hal.o
                0x20000130                uwTick
 COMMON         0x20000134       0x28 Src/can.o
                0x20000134                hcan1
 COMMON         0x2000015c       0xc0 Src/tim.o
                0x2000015c                htim6
                0x2000019c                htim1
                0x200001dc                htim7
 COMMON         0x2000021c       0x80 Src/usart.o
                0x2000021c                huart3
                0x2000025c                huart6
 COMMON         0x2000029c        0x4 d:/ac6/systemworkbench/plugins/fr.ac6.mcu.externaltools.arm-none.win32_1.17.0.201812190825/tools/compiler/bin/../lib/gcc/arm-none-eabi/7.3.1/../../../../arm-none-eabi/lib/thumb/v7e-m/fpv4-sp/hard\libc_nano.a(lib_a-reent.o)
                0x2000029c                errno
                0x200002a0                . = ALIGN (0x4)
                0x200002a0                _ebss = .
                0x200002a0                __bss_end__ = _ebss

._user_heap_stack
                0x200002a0      0x600
                0x200002a0                . = ALIGN (0x8)
                0x200002a0                PROVIDE (end = .)
                [!provide]                PROVIDE (_end = .)
                0x200004a0                . = (. + _Min_Heap_Size)
 *fill*         0x200002a0      0x200 
                0x200008a0                . = (. + _Min_Stack_Size)
 *fill*         0x200004a0      0x400 
                0x200008a0                . = ALIGN (0x8)

/DISCARD/
 libc.a(*)
 libm.a(*)
 libgcc.a(*)

.ARM.attributes
                0x00000000       0x30
 *(.ARM.attributes)
 .ARM.attributes
                0x00000000       0x22 d:/ac6/systemworkbench/plugins/fr.ac6.mcu.externaltools.arm-none.win32_1.17.0.201812190825/tools/compiler/bin/../lib/gcc/arm-none-eabi/7.3.1/thumb/v7e-m/fpv4-sp/hard/crti.o
 .ARM.attributes
                0x00000022       0x34 d:/ac6/systemworkbench/plugins/fr.ac6.mcu.externaltools.arm-none.win32_1.17.0.201812190825/tools/compiler/bin/../lib/gcc/arm-none-eabi/7.3.1/thumb/v7e-m/fpv4-sp/hard/crtbegin.o
 .ARM.attributes
                0x00000056       0x39 Drivers/STM32F4xx_HAL_Driver/Src/stm32f4xx_hal.o
 .ARM.attributes
                0x0000008f       0x39 Drivers/STM32F4xx_HAL_Driver/Src/stm32f4xx_hal_can.o
 .ARM.attributes
                0x000000c8       0x39 Drivers/STM32F4xx_HAL_Driver/Src/stm32f4xx_hal_cortex.o
 .ARM.attributes
                0x00000101       0x39 Drivers/STM32F4xx_HAL_Driver/Src/stm32f4xx_hal_dma.o
 .ARM.attributes
                0x0000013a       0x39 Drivers/STM32F4xx_HAL_Driver/Src/stm32f4xx_hal_gpio.o
 .ARM.attributes
                0x00000173       0x39 Drivers/STM32F4xx_HAL_Driver/Src/stm32f4xx_hal_rcc.o
 .ARM.attributes
                0x000001ac       0x39 Drivers/STM32F4xx_HAL_Driver/Src/stm32f4xx_hal_tim.o
 .ARM.attributes
                0x000001e5       0x39 Drivers/STM32F4xx_HAL_Driver/Src/stm32f4xx_hal_tim_ex.o
 .ARM.attributes
                0x0000021e       0x39 Drivers/STM32F4xx_HAL_Driver/Src/stm32f4xx_hal_uart.o
 .ARM.attributes
                0x00000257       0x39 Src/can.o
 .ARM.attributes
                0x00000290       0x39 Src/canmd_controller.o
 .ARM.attributes
                0x000002c9       0x39 Src/gpio.o
 .ARM.attributes
                0x00000302       0x39 Src/main.o
 .ARM.attributes
                0x0000033b       0x39 Src/ps3.o
 .ARM.attributes
                0x00000374       0x39 Src/stm32f4_easy_can.o
 .ARM.attributes
                0x000003ad       0x39 Src/stm32f4_printf.o
 .ARM.attributes
                0x000003e6       0x39 Src/stm32f4xx_hal_msp.o
 .ARM.attributes
                0x0000041f       0x39 Src/stm32f4xx_it.o
 .ARM.attributes
                0x00000458       0x39 Src/syscalls.o
 .ARM.attributes
                0x00000491       0x39 Src/system_stm32f4xx.o
 .ARM.attributes
                0x000004ca       0x39 Src/tim.o
 .ARM.attributes
                0x00000503       0x39 Src/usart.o
 .ARM.attributes
                0x0000053c       0x21 startup/startup_stm32f407xx.o
 .ARM.attributes
                0x0000055d       0x22 d:/ac6/systemworkbench/plugins/fr.ac6.mcu.externaltools.arm-none.win32_1.17.0.201812190825/tools/compiler/bin/../lib/gcc/arm-none-eabi/7.3.1/thumb/v7e-m/fpv4-sp/hard\libgcc.a(_aeabi_uldivmod.o)
 .ARM.attributes
                0x0000057f       0x34 d:/ac6/systemworkbench/plugins/fr.ac6.mcu.externaltools.arm-none.win32_1.17.0.201812190825/tools/compiler/bin/../lib/gcc/arm-none-eabi/7.3.1/thumb/v7e-m/fpv4-sp/hard\libgcc.a(_udivmoddi4.o)
 .ARM.attributes
                0x000005b3       0x22 d:/ac6/systemworkbench/plugins/fr.ac6.mcu.externaltools.arm-none.win32_1.17.0.201812190825/tools/compiler/bin/../lib/gcc/arm-none-eabi/7.3.1/thumb/v7e-m/fpv4-sp/hard\libgcc.a(_dvmd_tls.o)
 .ARM.attributes
                0x000005d5       0x34 d:/ac6/systemworkbench/plugins/fr.ac6.mcu.externaltools.arm-none.win32_1.17.0.201812190825/tools/compiler/bin/../lib/gcc/arm-none-eabi/7.3.1/../../../../arm-none-eabi/lib/thumb/v7e-m/fpv4-sp/hard\libc_nano.a(lib_a-errno.o)
 .ARM.attributes
                0x00000609       0x34 d:/ac6/systemworkbench/plugins/fr.ac6.mcu.externaltools.arm-none.win32_1.17.0.201812190825/tools/compiler/bin/../lib/gcc/arm-none-eabi/7.3.1/../../../../arm-none-eabi/lib/thumb/v7e-m/fpv4-sp/hard\libc_nano.a(lib_a-impure.o)
 .ARM.attributes
                0x0000063d       0x34 d:/ac6/systemworkbench/plugins/fr.ac6.mcu.externaltools.arm-none.win32_1.17.0.201812190825/tools/compiler/bin/../lib/gcc/arm-none-eabi/7.3.1/../../../../arm-none-eabi/lib/thumb/v7e-m/fpv4-sp/hard\libc_nano.a(lib_a-init.o)
 .ARM.attributes
                0x00000671       0x34 d:/ac6/systemworkbench/plugins/fr.ac6.mcu.externaltools.arm-none.win32_1.17.0.201812190825/tools/compiler/bin/../lib/gcc/arm-none-eabi/7.3.1/../../../../arm-none-eabi/lib/thumb/v7e-m/fpv4-sp/hard\libc_nano.a(lib_a-malloc.o)
 .ARM.attributes
                0x000006a5       0x34 d:/ac6/systemworkbench/plugins/fr.ac6.mcu.externaltools.arm-none.win32_1.17.0.201812190825/tools/compiler/bin/../lib/gcc/arm-none-eabi/7.3.1/../../../../arm-none-eabi/lib/thumb/v7e-m/fpv4-sp/hard\libc_nano.a(lib_a-memset.o)
 .ARM.attributes
                0x000006d9       0x34 d:/ac6/systemworkbench/plugins/fr.ac6.mcu.externaltools.arm-none.win32_1.17.0.201812190825/tools/compiler/bin/../lib/gcc/arm-none-eabi/7.3.1/../../../../arm-none-eabi/lib/thumb/v7e-m/fpv4-sp/hard\libc_nano.a(lib_a-nano-freer.o)
 .ARM.attributes
                0x0000070d       0x34 d:/ac6/systemworkbench/plugins/fr.ac6.mcu.externaltools.arm-none.win32_1.17.0.201812190825/tools/compiler/bin/../lib/gcc/arm-none-eabi/7.3.1/../../../../arm-none-eabi/lib/thumb/v7e-m/fpv4-sp/hard\libc_nano.a(lib_a-nano-mallocr.o)
 .ARM.attributes
                0x00000741       0x34 d:/ac6/systemworkbench/plugins/fr.ac6.mcu.externaltools.arm-none.win32_1.17.0.201812190825/tools/compiler/bin/../lib/gcc/arm-none-eabi/7.3.1/../../../../arm-none-eabi/lib/thumb/v7e-m/fpv4-sp/hard\libc_nano.a(lib_a-sbrkr.o)
 .ARM.attributes
                0x00000775       0x34 d:/ac6/systemworkbench/plugins/fr.ac6.mcu.externaltools.arm-none.win32_1.17.0.201812190825/tools/compiler/bin/../lib/gcc/arm-none-eabi/7.3.1/../../../../arm-none-eabi/lib/thumb/v7e-m/fpv4-sp/hard\libc_nano.a(lib_a-vsnprintf.o)
 .ARM.attributes
                0x000007a9       0x34 d:/ac6/systemworkbench/plugins/fr.ac6.mcu.externaltools.arm-none.win32_1.17.0.201812190825/tools/compiler/bin/../lib/gcc/arm-none-eabi/7.3.1/../../../../arm-none-eabi/lib/thumb/v7e-m/fpv4-sp/hard\libc_nano.a(lib_a-vsprintf.o)
 .ARM.attributes
                0x000007dd       0x34 d:/ac6/systemworkbench/plugins/fr.ac6.mcu.externaltools.arm-none.win32_1.17.0.201812190825/tools/compiler/bin/../lib/gcc/arm-none-eabi/7.3.1/../../../../arm-none-eabi/lib/thumb/v7e-m/fpv4-sp/hard\libc_nano.a(lib_a-mlock.o)
 .ARM.attributes
                0x00000811       0x34 d:/ac6/systemworkbench/plugins/fr.ac6.mcu.externaltools.arm-none.win32_1.17.0.201812190825/tools/compiler/bin/../lib/gcc/arm-none-eabi/7.3.1/../../../../arm-none-eabi/lib/thumb/v7e-m/fpv4-sp/hard\libc_nano.a(lib_a-nano-svfprintf.o)
 .ARM.attributes
                0x00000845       0x34 d:/ac6/systemworkbench/plugins/fr.ac6.mcu.externaltools.arm-none.win32_1.17.0.201812190825/tools/compiler/bin/../lib/gcc/arm-none-eabi/7.3.1/../../../../arm-none-eabi/lib/thumb/v7e-m/fpv4-sp/hard\libc_nano.a(lib_a-nano-vfprintf_i.o)
 .ARM.attributes
                0x00000879       0x34 d:/ac6/systemworkbench/plugins/fr.ac6.mcu.externaltools.arm-none.win32_1.17.0.201812190825/tools/compiler/bin/../lib/gcc/arm-none-eabi/7.3.1/../../../../arm-none-eabi/lib/thumb/v7e-m/fpv4-sp/hard\libc_nano.a(lib_a-reent.o)
 .ARM.attributes
                0x000008ad       0x20 d:/ac6/systemworkbench/plugins/fr.ac6.mcu.externaltools.arm-none.win32_1.17.0.201812190825/tools/compiler/bin/../lib/gcc/arm-none-eabi/7.3.1/../../../../arm-none-eabi/lib/thumb/v7e-m/fpv4-sp/hard\libc_nano.a(lib_a-memchr.o)
 .ARM.attributes
                0x000008cd       0x34 d:/ac6/systemworkbench/plugins/fr.ac6.mcu.externaltools.arm-none.win32_1.17.0.201812190825/tools/compiler/bin/../lib/gcc/arm-none-eabi/7.3.1/../../../../arm-none-eabi/lib/thumb/v7e-m/fpv4-sp/hard\libc_nano.a(lib_a-memcpy-stub.o)
 .ARM.attributes
                0x00000901       0x34 d:/ac6/systemworkbench/plugins/fr.ac6.mcu.externaltools.arm-none.win32_1.17.0.201812190825/tools/compiler/bin/../lib/gcc/arm-none-eabi/7.3.1/../../../../arm-none-eabi/lib/thumb/v7e-m/fpv4-sp/hard\libc_nano.a(lib_a-memmove.o)
 .ARM.attributes
                0x00000935       0x34 d:/ac6/systemworkbench/plugins/fr.ac6.mcu.externaltools.arm-none.win32_1.17.0.201812190825/tools/compiler/bin/../lib/gcc/arm-none-eabi/7.3.1/../../../../arm-none-eabi/lib/thumb/v7e-m/fpv4-sp/hard\libc_nano.a(lib_a-nano-reallocr.o)
 .ARM.attributes
                0x00000969       0x34 d:/ac6/systemworkbench/plugins/fr.ac6.mcu.externaltools.arm-none.win32_1.17.0.201812190825/tools/compiler/bin/../lib/gcc/arm-none-eabi/7.3.1/../../../../arm-none-eabi/lib/thumb/v7e-m/fpv4-sp/hard\libc_nano.a(lib_a-nano-msizer.o)
 .ARM.attributes
                0x0000099d       0x22 d:/ac6/systemworkbench/plugins/fr.ac6.mcu.externaltools.arm-none.win32_1.17.0.201812190825/tools/compiler/bin/../lib/gcc/arm-none-eabi/7.3.1/thumb/v7e-m/fpv4-sp/hard/crtn.o
OUTPUT(NHK project.elf elf32-littlearm)

.debug_info     0x00000000    0x12fbb
 .debug_info    0x00000000      0x9f1 Drivers/STM32F4xx_HAL_Driver/Src/stm32f4xx_hal.o
 .debug_info    0x000009f1     0x113a Drivers/STM32F4xx_HAL_Driver/Src/stm32f4xx_hal_can.o
 .debug_info    0x00001b2b      0xf8c Drivers/STM32F4xx_HAL_Driver/Src/stm32f4xx_hal_cortex.o
 .debug_info    0x00002ab7      0xaad Drivers/STM32F4xx_HAL_Driver/Src/stm32f4xx_hal_dma.o
 .debug_info    0x00003564      0x7c2 Drivers/STM32F4xx_HAL_Driver/Src/stm32f4xx_hal_gpio.o
 .debug_info    0x00003d26      0xa94 Drivers/STM32F4xx_HAL_Driver/Src/stm32f4xx_hal_rcc.o
 .debug_info    0x000047ba     0x31db Drivers/STM32F4xx_HAL_Driver/Src/stm32f4xx_hal_tim.o
 .debug_info    0x00007995     0x14e9 Drivers/STM32F4xx_HAL_Driver/Src/stm32f4xx_hal_tim_ex.o
 .debug_info    0x00008e7e     0x171d Drivers/STM32F4xx_HAL_Driver/Src/stm32f4xx_hal_uart.o
 .debug_info    0x0000a59b      0xbb7 Src/can.o
 .debug_info    0x0000b152      0x323 Src/canmd_controller.o
 .debug_info    0x0000b475      0x573 Src/gpio.o
 .debug_info    0x0000b9e8     0x1901 Src/main.o
 .debug_info    0x0000d2e9      0x272 Src/ps3.o
 .debug_info    0x0000d55b      0x92e Src/stm32f4_easy_can.o
 .debug_info    0x0000de89      0xfbe Src/stm32f4_printf.o
 .debug_info    0x0000ee47      0x362 Src/stm32f4xx_hal_msp.o
 .debug_info    0x0000f1a9      0xd89 Src/stm32f4xx_it.o
 .debug_info    0x0000ff32      0xfd3 Src/syscalls.o
 .debug_info    0x00010f05      0x559 Src/system_stm32f4xx.o
 .debug_info    0x0001145e      0xdd0 Src/tim.o
 .debug_info    0x0001222e      0xd6b Src/usart.o
 .debug_info    0x00012f99       0x22 startup/startup_stm32f407xx.o

.debug_abbrev   0x00000000     0x2d4c
 .debug_abbrev  0x00000000      0x1ed Drivers/STM32F4xx_HAL_Driver/Src/stm32f4xx_hal.o
 .debug_abbrev  0x000001ed      0x254 Drivers/STM32F4xx_HAL_Driver/Src/stm32f4xx_hal_can.o
 .debug_abbrev  0x00000441      0x328 Drivers/STM32F4xx_HAL_Driver/Src/stm32f4xx_hal_cortex.o
 .debug_abbrev  0x00000769      0x290 Drivers/STM32F4xx_HAL_Driver/Src/stm32f4xx_hal_dma.o
 .debug_abbrev  0x000009f9      0x1e7 Drivers/STM32F4xx_HAL_Driver/Src/stm32f4xx_hal_gpio.o
 .debug_abbrev  0x00000be0      0x273 Drivers/STM32F4xx_HAL_Driver/Src/stm32f4xx_hal_rcc.o
 .debug_abbrev  0x00000e53      0x226 Drivers/STM32F4xx_HAL_Driver/Src/stm32f4xx_hal_tim.o
 .debug_abbrev  0x00001079      0x237 Drivers/STM32F4xx_HAL_Driver/Src/stm32f4xx_hal_tim_ex.o
 .debug_abbrev  0x000012b0      0x288 Drivers/STM32F4xx_HAL_Driver/Src/stm32f4xx_hal_uart.o
 .debug_abbrev  0x00001538      0x1e6 Src/can.o
 .debug_abbrev  0x0000171e      0x18b Src/canmd_controller.o
 .debug_abbrev  0x000018a9      0x162 Src/gpio.o
 .debug_abbrev  0x00001a0b      0x2f8 Src/main.o
 .debug_abbrev  0x00001d03      0x11c Src/ps3.o
 .debug_abbrev  0x00001e1f      0x202 Src/stm32f4_easy_can.o
 .debug_abbrev  0x00002021      0x28e Src/stm32f4_printf.o
 .debug_abbrev  0x000022af      0x109 Src/stm32f4xx_hal_msp.o
 .debug_abbrev  0x000023b8      0x1dd Src/stm32f4xx_it.o
 .debug_abbrev  0x00002595      0x2d4 Src/syscalls.o
 .debug_abbrev  0x00002869      0x12b Src/system_stm32f4xx.o
 .debug_abbrev  0x00002994      0x1d4 Src/tim.o
 .debug_abbrev  0x00002b68      0x1d2 Src/usart.o
 .debug_abbrev  0x00002d3a       0x12 startup/startup_stm32f407xx.o

.debug_loc      0x00000000     0x94e7
 .debug_loc     0x00000000      0x11b Drivers/STM32F4xx_HAL_Driver/Src/stm32f4xx_hal.o
 .debug_loc     0x0000011b      0xc47 Drivers/STM32F4xx_HAL_Driver/Src/stm32f4xx_hal_can.o
 .debug_loc     0x00000d62      0x5ce Drivers/STM32F4xx_HAL_Driver/Src/stm32f4xx_hal_cortex.o
 .debug_loc     0x00001330      0xb4e Drivers/STM32F4xx_HAL_Driver/Src/stm32f4xx_hal_dma.o
 .debug_loc     0x00001e7e      0x476 Drivers/STM32F4xx_HAL_Driver/Src/stm32f4xx_hal_gpio.o
 .debug_loc     0x000022f4      0x40f Drivers/STM32F4xx_HAL_Driver/Src/stm32f4xx_hal_rcc.o
 .debug_loc     0x00002703     0x3888 Drivers/STM32F4xx_HAL_Driver/Src/stm32f4xx_hal_tim.o
 .debug_loc     0x00005f8b     0x11a0 Drivers/STM32F4xx_HAL_Driver/Src/stm32f4xx_hal_tim_ex.o
 .debug_loc     0x0000712b     0x1599 Drivers/STM32F4xx_HAL_Driver/Src/stm32f4xx_hal_uart.o
 .debug_loc     0x000086c4       0x74 Src/can.o
 .debug_loc     0x00008738      0x2c2 Src/canmd_controller.o
 .debug_loc     0x000089fa      0x174 Src/main.o
 .debug_loc     0x00008b6e      0x10f Src/ps3.o
 .debug_loc     0x00008c7d      0x1a8 Src/stm32f4_easy_can.o
 .debug_loc     0x00008e25       0x89 Src/stm32f4_printf.o
 .debug_loc     0x00008eae      0x3af Src/syscalls.o
 .debug_loc     0x0000925d      0x13e Src/system_stm32f4xx.o
 .debug_loc     0x0000939b       0xa6 Src/tim.o
 .debug_loc     0x00009441       0xa6 Src/usart.o

.debug_aranges  0x00000000      0xed0
 .debug_aranges
                0x00000000       0xf0 Drivers/STM32F4xx_HAL_Driver/Src/stm32f4xx_hal.o
 .debug_aranges
                0x000000f0      0x138 Drivers/STM32F4xx_HAL_Driver/Src/stm32f4xx_hal_can.o
 .debug_aranges
                0x00000228       0xa8 Drivers/STM32F4xx_HAL_Driver/Src/stm32f4xx_hal_cortex.o
 .debug_aranges
                0x000002d0       0x90 Drivers/STM32F4xx_HAL_Driver/Src/stm32f4xx_hal_dma.o
 .debug_aranges
                0x00000360       0x58 Drivers/STM32F4xx_HAL_Driver/Src/stm32f4xx_hal_gpio.o
 .debug_aranges
                0x000003b8       0x88 Drivers/STM32F4xx_HAL_Driver/Src/stm32f4xx_hal_rcc.o
 .debug_aranges
                0x00000440      0x3a8 Drivers/STM32F4xx_HAL_Driver/Src/stm32f4xx_hal_tim.o
 .debug_aranges
                0x000007e8      0x150 Drivers/STM32F4xx_HAL_Driver/Src/stm32f4xx_hal_tim_ex.o
 .debug_aranges
                0x00000938      0x1d0 Drivers/STM32F4xx_HAL_Driver/Src/stm32f4xx_hal_uart.o
 .debug_aranges
                0x00000b08       0x30 Src/can.o
 .debug_aranges
                0x00000b38       0x58 Src/canmd_controller.o
 .debug_aranges
                0x00000b90       0x20 Src/gpio.o
 .debug_aranges
                0x00000bb0       0x50 Src/main.o
 .debug_aranges
                0x00000c00       0x40 Src/ps3.o
 .debug_aranges
                0x00000c40       0x40 Src/stm32f4_easy_can.o
 .debug_aranges
                0x00000c80       0x30 Src/stm32f4_printf.o
 .debug_aranges
                0x00000cb0       0x20 Src/stm32f4xx_hal_msp.o
 .debug_aranges
                0x00000cd0       0x88 Src/stm32f4xx_it.o
 .debug_aranges
                0x00000d58       0xb0 Src/syscalls.o
 .debug_aranges
                0x00000e08       0x28 Src/system_stm32f4xx.o
 .debug_aranges
                0x00000e30       0x40 Src/tim.o
 .debug_aranges
                0x00000e70       0x38 Src/usart.o
 .debug_aranges
                0x00000ea8       0x28 startup/startup_stm32f407xx.o

.debug_ranges   0x00000000      0xdf8
 .debug_ranges  0x00000000       0xe0 Drivers/STM32F4xx_HAL_Driver/Src/stm32f4xx_hal.o
 .debug_ranges  0x000000e0      0x128 Drivers/STM32F4xx_HAL_Driver/Src/stm32f4xx_hal_can.o
 .debug_ranges  0x00000208       0xf8 Drivers/STM32F4xx_HAL_Driver/Src/stm32f4xx_hal_cortex.o
 .debug_ranges  0x00000300       0x80 Drivers/STM32F4xx_HAL_Driver/Src/stm32f4xx_hal_dma.o
 .debug_ranges  0x00000380       0x48 Drivers/STM32F4xx_HAL_Driver/Src/stm32f4xx_hal_gpio.o
 .debug_ranges  0x000003c8       0x90 Drivers/STM32F4xx_HAL_Driver/Src/stm32f4xx_hal_rcc.o
 .debug_ranges  0x00000458      0x398 Drivers/STM32F4xx_HAL_Driver/Src/stm32f4xx_hal_tim.o
 .debug_ranges  0x000007f0      0x140 Drivers/STM32F4xx_HAL_Driver/Src/stm32f4xx_hal_tim_ex.o
 .debug_ranges  0x00000930      0x1c0 Drivers/STM32F4xx_HAL_Driver/Src/stm32f4xx_hal_uart.o
 .debug_ranges  0x00000af0       0x20 Src/can.o
 .debug_ranges  0x00000b10       0x48 Src/canmd_controller.o
 .debug_ranges  0x00000b58       0x10 Src/gpio.o
 .debug_ranges  0x00000b68       0x58 Src/main.o
 .debug_ranges  0x00000bc0       0x30 Src/ps3.o
 .debug_ranges  0x00000bf0       0x30 Src/stm32f4_easy_can.o
 .debug_ranges  0x00000c20       0x20 Src/stm32f4_printf.o
 .debug_ranges  0x00000c40       0x10 Src/stm32f4xx_hal_msp.o
 .debug_ranges  0x00000c50       0x78 Src/stm32f4xx_it.o
 .debug_ranges  0x00000cc8       0xa0 Src/syscalls.o
 .debug_ranges  0x00000d68       0x18 Src/system_stm32f4xx.o
 .debug_ranges  0x00000d80       0x30 Src/tim.o
 .debug_ranges  0x00000db0       0x28 Src/usart.o
 .debug_ranges  0x00000dd8       0x20 startup/startup_stm32f407xx.o

.debug_macro    0x00000000    0x22b22
 .debug_macro   0x00000000      0x238 Drivers/STM32F4xx_HAL_Driver/Src/stm32f4xx_hal.o
 .debug_macro   0x00000238      0xa54 Drivers/STM32F4xx_HAL_Driver/Src/stm32f4xx_hal.o
 .debug_macro   0x00000c8c      0x29a Drivers/STM32F4xx_HAL_Driver/Src/stm32f4xx_hal.o
 .debug_macro   0x00000f26       0x2e Drivers/STM32F4xx_HAL_Driver/Src/stm32f4xx_hal.o
 .debug_macro   0x00000f54       0x2f Drivers/STM32F4xx_HAL_Driver/Src/stm32f4xx_hal.o
 .debug_macro   0x00000f83       0x22 Drivers/STM32F4xx_HAL_Driver/Src/stm32f4xx_hal.o
 .debug_macro   0x00000fa5       0x8e Drivers/STM32F4xx_HAL_Driver/Src/stm32f4xx_hal.o
 .debug_macro   0x00001033       0x51 Drivers/STM32F4xx_HAL_Driver/Src/stm32f4xx_hal.o
 .debug_macro   0x00001084       0xef Drivers/STM32F4xx_HAL_Driver/Src/stm32f4xx_hal.o
 .debug_macro   0x00001173       0x6a Drivers/STM32F4xx_HAL_Driver/Src/stm32f4xx_hal.o
 .debug_macro   0x000011dd      0x1df Drivers/STM32F4xx_HAL_Driver/Src/stm32f4xx_hal.o
 .debug_macro   0x000013bc       0x1c Drivers/STM32F4xx_HAL_Driver/Src/stm32f4xx_hal.o
 .debug_macro   0x000013d8       0x22 Drivers/STM32F4xx_HAL_Driver/Src/stm32f4xx_hal.o
 .debug_macro   0x000013fa       0xdf Drivers/STM32F4xx_HAL_Driver/Src/stm32f4xx_hal.o
 .debug_macro   0x000014d9     0x102d Drivers/STM32F4xx_HAL_Driver/Src/stm32f4xx_hal.o
 .debug_macro   0x00002506      0x11f Drivers/STM32F4xx_HAL_Driver/Src/stm32f4xx_hal.o
 .debug_macro   0x00002625    0x15e3c Drivers/STM32F4xx_HAL_Driver/Src/stm32f4xx_hal.o
 .debug_macro   0x00018461       0x43 Drivers/STM32F4xx_HAL_Driver/Src/stm32f4xx_hal.o
 .debug_macro   0x000184a4     0x3659 Drivers/STM32F4xx_HAL_Driver/Src/stm32f4xx_hal.o
 .debug_macro   0x0001bafd      0x174 Drivers/STM32F4xx_HAL_Driver/Src/stm32f4xx_hal.o
 .debug_macro   0x0001bc71       0x5a Drivers/STM32F4xx_HAL_Driver/Src/stm32f4xx_hal.o
 .debug_macro   0x0001bccb      0x96b Drivers/STM32F4xx_HAL_Driver/Src/stm32f4xx_hal.o
 .debug_macro   0x0001c636      0x9fe Drivers/STM32F4xx_HAL_Driver/Src/stm32f4xx_hal.o
 .debug_macro   0x0001d034      0x117 Drivers/STM32F4xx_HAL_Driver/Src/stm32f4xx_hal.o
 .debug_macro   0x0001d14b      0x13e Drivers/STM32F4xx_HAL_Driver/Src/stm32f4xx_hal.o
 .debug_macro   0x0001d289       0x27 Drivers/STM32F4xx_HAL_Driver/Src/stm32f4xx_hal.o
 .debug_macro   0x0001d2b0      0x174 Drivers/STM32F4xx_HAL_Driver/Src/stm32f4xx_hal.o
 .debug_macro   0x0001d424      0x287 Drivers/STM32F4xx_HAL_Driver/Src/stm32f4xx_hal.o
 .debug_macro   0x0001d6ab       0x5f Drivers/STM32F4xx_HAL_Driver/Src/stm32f4xx_hal.o
 .debug_macro   0x0001d70a      0x236 Drivers/STM32F4xx_HAL_Driver/Src/stm32f4xx_hal.o
 .debug_macro   0x0001d940      0x40f Drivers/STM32F4xx_HAL_Driver/Src/stm32f4xx_hal.o
 .debug_macro   0x0001dd4f      0x12c Drivers/STM32F4xx_HAL_Driver/Src/stm32f4xx_hal.o
 .debug_macro   0x0001de7b      0x21e Drivers/STM32F4xx_HAL_Driver/Src/stm32f4xx_hal.o
 .debug_macro   0x0001e099       0x2e Drivers/STM32F4xx_HAL_Driver/Src/stm32f4xx_hal.o
 .debug_macro   0x0001e0c7      0x11a Drivers/STM32F4xx_HAL_Driver/Src/stm32f4xx_hal.o
 .debug_macro   0x0001e1e1       0x7e Drivers/STM32F4xx_HAL_Driver/Src/stm32f4xx_hal.o
 .debug_macro   0x0001e25f       0x89 Drivers/STM32F4xx_HAL_Driver/Src/stm32f4xx_hal.o
 .debug_macro   0x0001e2e8      0x8a0 Drivers/STM32F4xx_HAL_Driver/Src/stm32f4xx_hal.o
 .debug_macro   0x0001eb88       0x47 Drivers/STM32F4xx_HAL_Driver/Src/stm32f4xx_hal.o
 .debug_macro   0x0001ebcf      0x287 Drivers/STM32F4xx_HAL_Driver/Src/stm32f4xx_hal.o
 .debug_macro   0x0001ee56      0x12d Drivers/STM32F4xx_HAL_Driver/Src/stm32f4xx_hal.o
 .debug_macro   0x0001ef83      0x1e0 Drivers/STM32F4xx_HAL_Driver/Src/stm32f4xx_hal_can.o
 .debug_macro   0x0001f163      0x1d8 Drivers/STM32F4xx_HAL_Driver/Src/stm32f4xx_hal_cortex.o
 .debug_macro   0x0001f33b      0x1de Drivers/STM32F4xx_HAL_Driver/Src/stm32f4xx_hal_dma.o
 .debug_macro   0x0001f519      0x20e Drivers/STM32F4xx_HAL_Driver/Src/stm32f4xx_hal_gpio.o
 .debug_macro   0x0001f727      0x1fc Drivers/STM32F4xx_HAL_Driver/Src/stm32f4xx_hal_rcc.o
 .debug_macro   0x0001f923      0x1d9 Drivers/STM32F4xx_HAL_Driver/Src/stm32f4xx_hal_tim.o
 .debug_macro   0x0001fafc      0x1d8 Drivers/STM32F4xx_HAL_Driver/Src/stm32f4xx_hal_tim_ex.o
 .debug_macro   0x0001fcd4      0x1d9 Drivers/STM32F4xx_HAL_Driver/Src/stm32f4xx_hal_uart.o
 .debug_macro   0x0001fead      0x1ec Src/can.o
 .debug_macro   0x00020099       0x1a Src/canmd_controller.o
 .debug_macro   0x000200b3       0x10 Src/canmd_controller.o
 .debug_macro   0x000200c3      0x1ec Src/gpio.o
 .debug_macro   0x000202af      0x235 Src/main.o
 .debug_macro   0x000204e4       0x21 Src/ps3.o
 .debug_macro   0x00020505      0x1e8 Src/stm32f4_easy_can.o
 .debug_macro   0x000206ed      0x2aa Src/stm32f4_printf.o
 .debug_macro   0x00020997       0x58 Src/stm32f4_printf.o
 .debug_macro   0x000209ef       0x18 Src/stm32f4_printf.o
 .debug_macro   0x00020a07       0x5e Src/stm32f4_printf.o
 .debug_macro   0x00020a65       0x35 Src/stm32f4_printf.o
 .debug_macro   0x00020a9a       0x34 Src/stm32f4_printf.o
 .debug_macro   0x00020ace       0x16 Src/stm32f4_printf.o
 .debug_macro   0x00020ae4       0x35 Src/stm32f4_printf.o
 .debug_macro   0x00020b19       0x58 Src/stm32f4_printf.o
 .debug_macro   0x00020b71       0x1f Src/stm32f4_printf.o
 .debug_macro   0x00020b90       0x43 Src/stm32f4_printf.o
 .debug_macro   0x00020bd3       0x20 Src/stm32f4_printf.o
 .debug_macro   0x00020bf3      0x18e Src/stm32f4_printf.o
 .debug_macro   0x00020d81      0x32a Src/stm32f4_printf.o
 .debug_macro   0x000210ab       0x16 Src/stm32f4_printf.o
 .debug_macro   0x000210c1       0x29 Src/stm32f4_printf.o
 .debug_macro   0x000210ea      0x1e2 Src/stm32f4xx_hal_msp.o
 .debug_macro   0x000212cc      0x1ec Src/stm32f4xx_it.o
 .debug_macro   0x000214b8      0x243 Src/syscalls.o
 .debug_macro   0x000216fb       0x58 Src/syscalls.o
 .debug_macro   0x00021753       0x94 Src/syscalls.o
 .debug_macro   0x000217e7       0x57 Src/syscalls.o
 .debug_macro   0x0002183e      0x330 Src/syscalls.o
 .debug_macro   0x00021b6e       0x10 Src/syscalls.o
 .debug_macro   0x00021b7e       0x10 Src/syscalls.o
 .debug_macro   0x00021b8e       0x10 Src/syscalls.o
 .debug_macro   0x00021b9e       0x10 Src/syscalls.o
 .debug_macro   0x00021bae       0x1c Src/syscalls.o
 .debug_macro   0x00021bca       0x52 Src/syscalls.o
 .debug_macro   0x00021c1c       0x40 Src/syscalls.o
 .debug_macro   0x00021c5c       0x10 Src/syscalls.o
 .debug_macro   0x00021c6c       0x40 Src/syscalls.o
 .debug_macro   0x00021cac       0xd7 Src/syscalls.o
 .debug_macro   0x00021d83       0x1c Src/syscalls.o
 .debug_macro   0x00021d9f       0x3d Src/syscalls.o
 .debug_macro   0x00021ddc       0x35 Src/syscalls.o
 .debug_macro   0x00021e11      0x122 Src/syscalls.o
 .debug_macro   0x00021f33       0x10 Src/syscalls.o
 .debug_macro   0x00021f43      0x241 Src/syscalls.o
 .debug_macro   0x00022184       0x1c Src/syscalls.o
 .debug_macro   0x000221a0       0x10 Src/syscalls.o
 .debug_macro   0x000221b0       0x10 Src/syscalls.o
 .debug_macro   0x000221c0       0x16 Src/syscalls.o
 .debug_macro   0x000221d6      0x16f Src/syscalls.o
 .debug_macro   0x00022345      0x189 Src/syscalls.o
 .debug_macro   0x000224ce       0x16 Src/syscalls.o
 .debug_macro   0x000224e4       0x88 Src/syscalls.o
 .debug_macro   0x0002256c      0x1de Src/system_stm32f4xx.o
 .debug_macro   0x0002274a      0x1ec Src/tim.o
 .debug_macro   0x00022936      0x1ec Src/usart.o

.debug_line     0x00000000     0xb982
 .debug_line    0x00000000      0x865 Drivers/STM32F4xx_HAL_Driver/Src/stm32f4xx_hal.o
 .debug_line    0x00000865      0xb4f Drivers/STM32F4xx_HAL_Driver/Src/stm32f4xx_hal_can.o
 .debug_line    0x000013b4      0x8b7 Drivers/STM32F4xx_HAL_Driver/Src/stm32f4xx_hal_cortex.o
 .debug_line    0x00001c6b      0x98d Drivers/STM32F4xx_HAL_Driver/Src/stm32f4xx_hal_dma.o
 .debug_line    0x000025f8      0x7ed Drivers/STM32F4xx_HAL_Driver/Src/stm32f4xx_hal_gpio.o
 .debug_line    0x00002de5      0x8f6 Drivers/STM32F4xx_HAL_Driver/Src/stm32f4xx_hal_rcc.o
 .debug_line    0x000036db     0x1850 Drivers/STM32F4xx_HAL_Driver/Src/stm32f4xx_hal_tim.o
 .debug_line    0x00004f2b      0xca0 Drivers/STM32F4xx_HAL_Driver/Src/stm32f4xx_hal_tim_ex.o
 .debug_line    0x00005bcb      0xfb4 Drivers/STM32F4xx_HAL_Driver/Src/stm32f4xx_hal_uart.o
 .debug_line    0x00006b7f      0x6a3 Src/can.o
 .debug_line    0x00007222      0x16f Src/canmd_controller.o
 .debug_line    0x00007391      0x66e Src/gpio.o
 .debug_line    0x000079ff      0x7b3 Src/main.o
 .debug_line    0x000081b2      0x121 Src/ps3.o
 .debug_line    0x000082d3      0x719 Src/stm32f4_easy_can.o
 .debug_line    0x000089ec      0x744 Src/stm32f4_printf.o
 .debug_line    0x00009130      0x662 Src/stm32f4xx_hal_msp.o
 .debug_line    0x00009792      0x74c Src/stm32f4xx_it.o
 .debug_line    0x00009ede      0x5d1 Src/syscalls.o
 .debug_line    0x0000a4af      0x683 Src/system_stm32f4xx.o
 .debug_line    0x0000ab32      0x6fc Src/tim.o
 .debug_line    0x0000b22e      0x6d5 Src/usart.o
 .debug_line    0x0000b903       0x7f startup/startup_stm32f407xx.o

.debug_str      0x00000000    0xcd869
 .debug_str     0x00000000    0xc4d4c Drivers/STM32F4xx_HAL_Driver/Src/stm32f4xx_hal.o
                              0xc50d8 (size before relaxing)
 .debug_str     0x000c4d4c      0x7b3 Drivers/STM32F4xx_HAL_Driver/Src/stm32f4xx_hal_can.o
                              0xc4cc9 (size before relaxing)
 .debug_str     0x000c54ff      0x3a8 Drivers/STM32F4xx_HAL_Driver/Src/stm32f4xx_hal_cortex.o
                              0xc4e82 (size before relaxing)
 .debug_str     0x000c58a7      0x51b Drivers/STM32F4xx_HAL_Driver/Src/stm32f4xx_hal_dma.o
                              0xc49e7 (size before relaxing)
 .debug_str     0x000c5dc2      0x292 Drivers/STM32F4xx_HAL_Driver/Src/stm32f4xx_hal_gpio.o
                              0xc4805 (size before relaxing)
 .debug_str     0x000c6054      0x38f Drivers/STM32F4xx_HAL_Driver/Src/stm32f4xx_hal_rcc.o
                              0xc49da (size before relaxing)
 .debug_str     0x000c63e3      0xf35 Drivers/STM32F4xx_HAL_Driver/Src/stm32f4xx_hal_tim.o
                              0xc5725 (size before relaxing)
 .debug_str     0x000c7318      0x4d4 Drivers/STM32F4xx_HAL_Driver/Src/stm32f4xx_hal_tim_ex.o
                              0xc4f3d (size before relaxing)
 .debug_str     0x000c77ec      0x6dd Drivers/STM32F4xx_HAL_Driver/Src/stm32f4xx_hal_uart.o
                              0xc4e89 (size before relaxing)
 .debug_str     0x000c7ec9       0x4b Src/can.o
                              0xc4dcb (size before relaxing)
 .debug_str     0x000c7f14      0x27d Src/canmd_controller.o
                               0x2f62 (size before relaxing)
 .debug_str     0x000c8191       0x25 Src/gpio.o
                              0xc45f5 (size before relaxing)
 .debug_str     0x000c81b6      0x2b8 Src/main.o
                              0xc5376 (size before relaxing)
 .debug_str     0x000c846e       0x94 Src/ps3.o
                               0x2e2f (size before relaxing)
 .debug_str     0x000c8502       0xdb Src/stm32f4_easy_can.o
                              0xc4a1f (size before relaxing)
 .debug_str     0x000c85dd     0x2d1e Src/stm32f4_printf.o
                              0xc7641 (size before relaxing)
 .debug_str     0x000cb2fb       0x1b Src/stm32f4xx_hal_msp.o
                              0xc453a (size before relaxing)
 .debug_str     0x000cb316      0x114 Src/stm32f4xx_it.o
                              0xc4dda (size before relaxing)
 .debug_str     0x000cb42a     0x2380 Src/syscalls.o
                               0x8583 (size before relaxing)
 .debug_str     0x000cd7aa       0x5a Src/system_stm32f4xx.o
                              0xc45c1 (size before relaxing)
 .debug_str     0x000cd804       0x1c Src/tim.o
                              0xc5015 (size before relaxing)
 .debug_str     0x000cd820       0x1a Src/usart.o
                              0xc4f94 (size before relaxing)
 .debug_str     0x000cd83a       0x2f startup/startup_stm32f407xx.o
                                 0x48 (size before relaxing)

.comment        0x00000000       0x7f
 .comment       0x00000000       0x7f Drivers/STM32F4xx_HAL_Driver/Src/stm32f4xx_hal.o
                                 0x80 (size before relaxing)
 .comment       0x0000007f       0x80 Drivers/STM32F4xx_HAL_Driver/Src/stm32f4xx_hal_can.o
 .comment       0x0000007f       0x80 Drivers/STM32F4xx_HAL_Driver/Src/stm32f4xx_hal_cortex.o
 .comment       0x0000007f       0x80 Drivers/STM32F4xx_HAL_Driver/Src/stm32f4xx_hal_dma.o
 .comment       0x0000007f       0x80 Drivers/STM32F4xx_HAL_Driver/Src/stm32f4xx_hal_gpio.o
 .comment       0x0000007f       0x80 Drivers/STM32F4xx_HAL_Driver/Src/stm32f4xx_hal_rcc.o
 .comment       0x0000007f       0x80 Drivers/STM32F4xx_HAL_Driver/Src/stm32f4xx_hal_tim.o
 .comment       0x0000007f       0x80 Drivers/STM32F4xx_HAL_Driver/Src/stm32f4xx_hal_tim_ex.o
 .comment       0x0000007f       0x80 Drivers/STM32F4xx_HAL_Driver/Src/stm32f4xx_hal_uart.o
 .comment       0x0000007f       0x80 Src/can.o
 .comment       0x0000007f       0x80 Src/canmd_controller.o
 .comment       0x0000007f       0x80 Src/gpio.o
 .comment       0x0000007f       0x80 Src/main.o
 .comment       0x0000007f       0x80 Src/ps3.o
 .comment       0x0000007f       0x80 Src/stm32f4_easy_can.o
 .comment       0x0000007f       0x80 Src/stm32f4_printf.o
 .comment       0x0000007f       0x80 Src/stm32f4xx_hal_msp.o
 .comment       0x0000007f       0x80 Src/stm32f4xx_it.o
 .comment       0x0000007f       0x80 Src/syscalls.o
 .comment       0x0000007f       0x80 Src/system_stm32f4xx.o
 .comment       0x0000007f       0x80 Src/tim.o
 .comment       0x0000007f       0x80 Src/usart.o

.debug_frame    0x00000000     0x2988
 .debug_frame   0x00000000      0x1ec Drivers/STM32F4xx_HAL_Driver/Src/stm32f4xx_hal.o
 .debug_frame   0x000001ec      0x2e4 Drivers/STM32F4xx_HAL_Driver/Src/stm32f4xx_hal_can.o
 .debug_frame   0x000004d0      0x15c Drivers/STM32F4xx_HAL_Driver/Src/stm32f4xx_hal_cortex.o
 .debug_frame   0x0000062c      0x188 Drivers/STM32F4xx_HAL_Driver/Src/stm32f4xx_hal_dma.o
 .debug_frame   0x000007b4       0xd8 Drivers/STM32F4xx_HAL_Driver/Src/stm32f4xx_hal_gpio.o
 .debug_frame   0x0000088c      0x184 Drivers/STM32F4xx_HAL_Driver/Src/stm32f4xx_hal_rcc.o
 .debug_frame   0x00000a10      0xa7c Drivers/STM32F4xx_HAL_Driver/Src/stm32f4xx_hal_tim.o
 .debug_frame   0x0000148c      0x3b4 Drivers/STM32F4xx_HAL_Driver/Src/stm32f4xx_hal_tim_ex.o
 .debug_frame   0x00001840      0x4f0 Drivers/STM32F4xx_HAL_Driver/Src/stm32f4xx_hal_uart.o
 .debug_frame   0x00001d30       0x60 Src/can.o
 .debug_frame   0x00001d90       0xdc Src/canmd_controller.o
 .debug_frame   0x00001e6c       0x34 Src/gpio.o
 .debug_frame   0x00001ea0       0xd4 Src/main.o
 .debug_frame   0x00001f74       0x88 Src/ps3.o
 .debug_frame   0x00001ffc       0x9c Src/stm32f4_easy_can.o
 .debug_frame   0x00002098       0x74 Src/stm32f4_printf.o
 .debug_frame   0x0000210c       0x28 Src/stm32f4xx_hal_msp.o
 .debug_frame   0x00002134      0x120 Src/stm32f4xx_it.o
 .debug_frame   0x00002254      0x1a8 Src/syscalls.o
 .debug_frame   0x000023fc       0x30 Src/system_stm32f4xx.o
 .debug_frame   0x0000242c       0xa8 Src/tim.o
 .debug_frame   0x000024d4       0x78 Src/usart.o
 .debug_frame   0x0000254c       0x2c d:/ac6/systemworkbench/plugins/fr.ac6.mcu.externaltools.arm-none.win32_1.17.0.201812190825/tools/compiler/bin/../lib/gcc/arm-none-eabi/7.3.1/thumb/v7e-m/fpv4-sp/hard\libgcc.a(_aeabi_uldivmod.o)
 .debug_frame   0x00002578       0x34 d:/ac6/systemworkbench/plugins/fr.ac6.mcu.externaltools.arm-none.win32_1.17.0.201812190825/tools/compiler/bin/../lib/gcc/arm-none-eabi/7.3.1/thumb/v7e-m/fpv4-sp/hard\libgcc.a(_udivmoddi4.o)
 .debug_frame   0x000025ac       0x20 d:/ac6/systemworkbench/plugins/fr.ac6.mcu.externaltools.arm-none.win32_1.17.0.201812190825/tools/compiler/bin/../lib/gcc/arm-none-eabi/7.3.1/../../../../arm-none-eabi/lib/thumb/v7e-m/fpv4-sp/hard\libc_nano.a(lib_a-errno.o)
 .debug_frame   0x000025cc       0x2c d:/ac6/systemworkbench/plugins/fr.ac6.mcu.externaltools.arm-none.win32_1.17.0.201812190825/tools/compiler/bin/../lib/gcc/arm-none-eabi/7.3.1/../../../../arm-none-eabi/lib/thumb/v7e-m/fpv4-sp/hard\libc_nano.a(lib_a-init.o)
 .debug_frame   0x000025f8       0x30 d:/ac6/systemworkbench/plugins/fr.ac6.mcu.externaltools.arm-none.win32_1.17.0.201812190825/tools/compiler/bin/../lib/gcc/arm-none-eabi/7.3.1/../../../../arm-none-eabi/lib/thumb/v7e-m/fpv4-sp/hard\libc_nano.a(lib_a-malloc.o)
 .debug_frame   0x00002628       0x20 d:/ac6/systemworkbench/plugins/fr.ac6.mcu.externaltools.arm-none.win32_1.17.0.201812190825/tools/compiler/bin/../lib/gcc/arm-none-eabi/7.3.1/../../../../arm-none-eabi/lib/thumb/v7e-m/fpv4-sp/hard\libc_nano.a(lib_a-memset.o)
 .debug_frame   0x00002648       0x38 d:/ac6/systemworkbench/plugins/fr.ac6.mcu.externaltools.arm-none.win32_1.17.0.201812190825/tools/compiler/bin/../lib/gcc/arm-none-eabi/7.3.1/../../../../arm-none-eabi/lib/thumb/v7e-m/fpv4-sp/hard\libc_nano.a(lib_a-nano-freer.o)
 .debug_frame   0x00002680       0x2c d:/ac6/systemworkbench/plugins/fr.ac6.mcu.externaltools.arm-none.win32_1.17.0.201812190825/tools/compiler/bin/../lib/gcc/arm-none-eabi/7.3.1/../../../../arm-none-eabi/lib/thumb/v7e-m/fpv4-sp/hard\libc_nano.a(lib_a-nano-mallocr.o)
 .debug_frame   0x000026ac       0x2c d:/ac6/systemworkbench/plugins/fr.ac6.mcu.externaltools.arm-none.win32_1.17.0.201812190825/tools/compiler/bin/../lib/gcc/arm-none-eabi/7.3.1/../../../../arm-none-eabi/lib/thumb/v7e-m/fpv4-sp/hard\libc_nano.a(lib_a-sbrkr.o)
 .debug_frame   0x000026d8       0x4c d:/ac6/systemworkbench/plugins/fr.ac6.mcu.externaltools.arm-none.win32_1.17.0.201812190825/tools/compiler/bin/../lib/gcc/arm-none-eabi/7.3.1/../../../../arm-none-eabi/lib/thumb/v7e-m/fpv4-sp/hard\libc_nano.a(lib_a-vsnprintf.o)
 .debug_frame   0x00002724       0x3c d:/ac6/systemworkbench/plugins/fr.ac6.mcu.externaltools.arm-none.win32_1.17.0.201812190825/tools/compiler/bin/../lib/gcc/arm-none-eabi/7.3.1/../../../../arm-none-eabi/lib/thumb/v7e-m/fpv4-sp/hard\libc_nano.a(lib_a-vsprintf.o)
 .debug_frame   0x00002760       0x30 d:/ac6/systemworkbench/plugins/fr.ac6.mcu.externaltools.arm-none.win32_1.17.0.201812190825/tools/compiler/bin/../lib/gcc/arm-none-eabi/7.3.1/../../../../arm-none-eabi/lib/thumb/v7e-m/fpv4-sp/hard\libc_nano.a(lib_a-mlock.o)
 .debug_frame   0x00002790       0x90 d:/ac6/systemworkbench/plugins/fr.ac6.mcu.externaltools.arm-none.win32_1.17.0.201812190825/tools/compiler/bin/../lib/gcc/arm-none-eabi/7.3.1/../../../../arm-none-eabi/lib/thumb/v7e-m/fpv4-sp/hard\libc_nano.a(lib_a-nano-svfprintf.o)
 .debug_frame   0x00002820       0x60 d:/ac6/systemworkbench/plugins/fr.ac6.mcu.externaltools.arm-none.win32_1.17.0.201812190825/tools/compiler/bin/../lib/gcc/arm-none-eabi/7.3.1/../../../../arm-none-eabi/lib/thumb/v7e-m/fpv4-sp/hard\libc_nano.a(lib_a-nano-vfprintf_i.o)
 .debug_frame   0x00002880       0x5c d:/ac6/systemworkbench/plugins/fr.ac6.mcu.externaltools.arm-none.win32_1.17.0.201812190825/tools/compiler/bin/../lib/gcc/arm-none-eabi/7.3.1/../../../../arm-none-eabi/lib/thumb/v7e-m/fpv4-sp/hard\libc_nano.a(lib_a-reent.o)
 .debug_frame   0x000028dc       0x28 d:/ac6/systemworkbench/plugins/fr.ac6.mcu.externaltools.arm-none.win32_1.17.0.201812190825/tools/compiler/bin/../lib/gcc/arm-none-eabi/7.3.1/../../../../arm-none-eabi/lib/thumb/v7e-m/fpv4-sp/hard\libc_nano.a(lib_a-memcpy-stub.o)
 .debug_frame   0x00002904       0x28 d:/ac6/systemworkbench/plugins/fr.ac6.mcu.externaltools.arm-none.win32_1.17.0.201812190825/tools/compiler/bin/../lib/gcc/arm-none-eabi/7.3.1/../../../../arm-none-eabi/lib/thumb/v7e-m/fpv4-sp/hard\libc_nano.a(lib_a-memmove.o)
 .debug_frame   0x0000292c       0x3c d:/ac6/systemworkbench/plugins/fr.ac6.mcu.externaltools.arm-none.win32_1.17.0.201812190825/tools/compiler/bin/../lib/gcc/arm-none-eabi/7.3.1/../../../../arm-none-eabi/lib/thumb/v7e-m/fpv4-sp/hard\libc_nano.a(lib_a-nano-reallocr.o)
 .debug_frame   0x00002968       0x20 d:/ac6/systemworkbench/plugins/fr.ac6.mcu.externaltools.arm-none.win32_1.17.0.201812190825/tools/compiler/bin/../lib/gcc/arm-none-eabi/7.3.1/../../../../arm-none-eabi/lib/thumb/v7e-m/fpv4-sp/hard\libc_nano.a(lib_a-nano-msizer.o)
